Component: Arm Compiler for Embedded 6.24 Tool: armlink [5f371500]

==============================================================================

Section Cross References

    startup_lpc17xx.o(STACK) refers (Special) to heapauxi.o(.text) for __use_two_region_memory
    startup_lpc17xx.o(HEAP) refers (Special) to heapauxi.o(.text) for __use_two_region_memory
    startup_lpc17xx.o(RESET) refers (Special) to heapauxi.o(.text) for __use_two_region_memory
    startup_lpc17xx.o(RESET) refers to startup_lpc17xx.o(STACK) for __initial_sp
    startup_lpc17xx.o(RESET) refers to startup_lpc17xx.o(.text) for Reset_Handler
    startup_lpc17xx.o(RESET) refers to irq_timer.o(.text) for TIMER0_IRQHandler
    startup_lpc17xx.o(RESET) refers to irq_button.o(.text) for EINT1_IRQHandler
    startup_lpc17xx.o(RESET) refers to irq_adc.o(.text) for ADC_IRQHandler
    startup_lpc17xx.o(RESET) refers to irq_rit.o(.text) for RIT_IRQHandler
    startup_lpc17xx.o(.ARM.__at_0x02FC) refers (Special) to heapauxi.o(.text) for __use_two_region_memory
    startup_lpc17xx.o(.text) refers (Special) to heapauxi.o(.text) for __use_two_region_memory
    startup_lpc17xx.o(.text) refers to __main.o(!!!main) for __main
    startup_lpc17xx.o(.text) refers to startup_lpc17xx.o(HEAP) for Heap_Mem
    startup_lpc17xx.o(.text) refers to startup_lpc17xx.o(STACK) for Stack_Mem
    sample.o(.text) refers to system_lpc17xx.o(.text) for SystemInit
    sample.o(.text) refers to lib_button.o(.text) for BUTTON_init
    sample.o(.text) refers to lib_joystick.o(.text) for joystick_init
    sample.o(.text) refers to glcd.o(.text) for LCD_Initialization
    sample.o(.text) refers to lib_adc.o(.text) for ADC_init
    sample.o(.text) refers to music.o(.text) for Music_Init
    sample.o(.text) refers to lib_rit.o(.text) for init_RIT
    sample.o(.text) refers to tetris_game.o(.text) for gameInit
    sample.o(.text) refers to tetris_game.o(.data.curr_x) for curr_x
    sample.o(.text) refers to tetris_game.o(.bss.curr_y) for curr_y
    sample.o(.text) refers to tetris_game.o(.bss.currPieceType) for currPieceType
    sample.o(.text) refers to tetris_game.o(.bss.currRot) for currRot
    sample.o(.text) refers to tetris_game.o(.bss.gameState) for gameState
    sample.o(.text) refers to lib_timer.o(.text) for init_timer
    sample.o(.ARM.exidx) refers to sample.o(.text) for [Anonymous Symbol]
    tetris_game.o(.text) refers (Special) to _printf_percent.o(.ARM.Collect$$_printf_percent$$00000000) for _printf_percent
    tetris_game.o(.text) refers (Special) to _printf_d.o(.ARM.Collect$$_printf_percent$$00000009) for _printf_d
    tetris_game.o(.text) refers (Special) to _printf_dec.o(.text) for _printf_int_dec
    tetris_game.o(.text) refers to tetris_game.o(.bss.score) for score
    tetris_game.o(.text) refers to tetris_game.o(.rodata.str1.1) for .L.str
    tetris_game.o(.text) refers to noretval__2sprintf.o(.text) for __2sprintf
    tetris_game.o(.text) refers to glcd.o(.text) for GUI_Text
    tetris_game.o(.text) refers to tetris_game.o(.bss.linescleared) for linescleared
    tetris_game.o(.text) refers to tetris_game.o(.bss.highscore) for highscore
    tetris_game.o(.text) refers to tetris_game.o(.bss.board) for board
    tetris_game.o(.text) refers to tetris_game.o(.bss.gameState) for gameState
    tetris_game.o(.text) refers to rand.o(.text) for srand
    tetris_game.o(.text) refers to tetris_game.o(.bss.total_lines_cleared) for total_lines_cleared
    tetris_game.o(.text) refers to rand.o(.emb_text) for rand
    tetris_game.o(.text) refers to tetris_game.o(.bss.currPieceType) for currPieceType
    tetris_game.o(.text) refers to tetris_game.o(.bss.currRot) for currRot
    tetris_game.o(.text) refers to tetris_game.o(.data.curr_x) for curr_x
    tetris_game.o(.text) refers to tetris_game.o(.bss.curr_y) for curr_y
    tetris_game.o(.text) refers to tetris_game.o(.rodata.TETROMINOES) for TETROMINOES
    tetris_game.o(.text) refers to music.o(.text) for Play_Sound_Effect
    tetris_game.o(.text) refers to tetris_game.o(.rodata..Lswitch.table.drawWholeBoard) for .Lswitch.table.drawWholeBoard
    tetris_game.o(.text) refers to tetris_game.o(.bss.slow_mode_counter) for slow_mode_counter
    tetris_game.o(.text) refers to tetris_game.o(.rodata..Lswitch.table.drawTetromino) for .Lswitch.table.drawTetromino
    tetris_game.o(.ARM.exidx) refers (Special) to _printf_percent.o(.ARM.Collect$$_printf_percent$$00000000) for _printf_percent
    tetris_game.o(.ARM.exidx) refers (Special) to _printf_d.o(.ARM.Collect$$_printf_percent$$00000009) for _printf_d
    tetris_game.o(.ARM.exidx) refers (Special) to _printf_dec.o(.text) for _printf_int_dec
    tetris_game.o(.ARM.exidx) refers to tetris_game.o(.text) for [Anonymous Symbol]
    tetris_game.o(.bss.score) refers (Special) to _printf_percent.o(.ARM.Collect$$_printf_percent$$00000000) for _printf_percent
    tetris_game.o(.bss.score) refers (Special) to _printf_d.o(.ARM.Collect$$_printf_percent$$00000009) for _printf_d
[...]
    tetris_game.o(.bss.currPieceType) refers (Special) to _printf_dec.o(.text) for _printf_int_dec
    tetris_game.o(.bss.currRot) refers (Special) to _printf_percent.o(.ARM.Collect$$_printf_percent$$00000000) for _printf_percent
    tetris_game.o(.bss.currRot) refers (Special) to _printf_d.o(.ARM.Collect$$_printf_percent$$00000009) for _printf_d
    tetris_game.o(.bss.currRot) refers (Special) to _printf_dec.o(.text) for _printf_int_dec
    tetris_game.o(.data.curr_x) refers (Special) to _printf_percent.o(.ARM.Collect$$_printf_percent$$00000000) for _printf_percent
    tetris_game.o(.data.curr_x) refers (Special) to _printf_d.o(.ARM.Collect$$_printf_percent$$00000009) for _printf_d
    tetris_game.o(.data.curr_x) refers (Special) to _printf_dec.o(.text) for _printf_int_dec
    tetris_game.o(.bss.curr_y) refers (Special) to _printf_percent.o(.ARM.Collect$$_printf_percent$$00000000) for _printf_percent
    tetris_game.o(.bss.curr_y) refers (Special) to _printf_d.o(.ARM.Collect$$_printf_percent$$00000009) for _printf_d
    tetris_game.o(.bss.curr_y) refers (Special) to _printf_dec.o(.text) for _printf_int_dec
    tetris_game.o(.bss.total_lines_cleared) refers (Special) to _printf_percent.o(.ARM.Collect$$_printf_percent$$00000000) for _printf_percent
    tetris_game.o(.bss.total_lines_cleared) refers (Special) to _printf_d.o(.ARM.Collect$$_printf_percent$$00000009) for _printf_d
    tetris_game.o(.bss.total_lines_cleared) refers (Special) to _printf_dec.o(.text) for _printf_int_dec
    tetris_game.o(.bss.slow_mode_counter) refers (Special) to _printf_percent.o(.ARM.Collect$$_printf_percent$$00000000) for _printf_percent
    tetris_game.o(.bss.slow_mode_counter) refers (Special) to _printf_d.o(.ARM.Collect$$_printf_percent$$00000009) for _printf_d
    tetris_game.o(.bss.slow_mode_counter) refers (Special) to _printf_dec.o(.text) for _printf_int_dec
    tetris_game.o(.rodata.TETROMINOES) refers (Special) to _printf_percent.o(.ARM.Collect$$_printf_percent$$00000000) for _printf_percent
    tetris_game.o(.rodata.TETROMINOES) refers (Special) to _printf_d.o(.ARM.Collect$$_printf_percent$$00000009) for _printf_d
    tetris_game.o(.rodata.TETROMINOES) refers (Special) to _printf_dec.o(.text) for _printf_int_dec
    tetris_game.o(.rodata.str1.1) refers (Special) to _printf_percent.o(.ARM.Collect$$_printf_percent$$00000000) for _printf_percent
    tetris_game.o(.rodata.str1.1) refers (Special) to _printf_d.o(.ARM.Collect$$_printf_percent$$00000009) for _printf_d
    tetris_game.o(.rodata.str1.1) refers (Special) to _printf_dec.o(.text) for _printf_int_dec
    tetris_game.o(.bss.board) refers (Special) to _printf_percent.o(.ARM.Collect$$_printf_percent$$00000000) for _printf_percent
    tetris_game.o(.bss.board) refers (Special) to _printf_d.o(.ARM.Collect$$_printf_percent$$00000009) for _printf_d
    tetris_game.o(.bss.board) refers (Special) to _printf_dec.o(.text) for _printf_int_dec
    tetris_game.o(.rodata..Lswitch.table.drawTetromino) refers (Special) to _printf_percent.o(.ARM.Collect$$_printf_percent$$00000000) for _printf_percent
    tetris_game.o(.rodata..Lswitch.table.drawTetromino) refers (Special) to _printf_d.o(.ARM.Collect$$_printf_percent$$00000009) for _printf_d
    tetris_game.o(.rodata..Lswitch.table.drawTetromino) refers (Special) to _printf_dec.o(.text) for _printf_int_dec
    tetris_game.o(.rodata..Lswitch.table.drawWholeBoard) refers (Special) to _printf_percent.o(.ARM.Collect$$_printf_percent$$00000000) for _printf_percent
    tetris_game.o(.rodata..Lswitch.table.drawWholeBoard) refers (Special) to _printf_d.o(.ARM.Collect$$_printf_percent$$00000009) for _printf_d
    tetris_game.o(.rodata..Lswitch.table.drawWholeBoard) refers (Special) to _printf_dec.o(.text) for _printf_int_dec
    system_lpc17xx.o(.text) refers to system_lpc17xx.o(.data.SystemFrequency) for SystemFrequency
    system_lpc17xx.o(.ARM.exidx) refers to system_lpc17xx.o(.text) for [Anonymous Symbol]
    irq_timer.o(.text) refers to tetris_game.o(.bss.gameState) for gameState
    irq_timer.o(.text) refers to tetris_game.o(.data.curr_x) for curr_x
    irq_timer.o(.text) refers to tetris_game.o(.bss.curr_y) for curr_y
    irq_timer.o(.text) refers to tetris_game.o(.bss.currPieceType) for currPieceType
    irq_timer.o(.text) refers to tetris_game.o(.bss.currRot) for currRot
    irq_timer.o(.text) refers to tetris_game.o(.text) for drawTetromino
    irq_timer.o(.text) refers to tetris_game.o(.bss.linescleared) for linescleared
    irq_timer.o(.text) refers to irq_timer.o(.bss.wave_state) for wave_state
    irq_timer.o(.ARM.exidx) refers to irq_timer.o(.text) for [Anonymous Symbol]
    lib_timer.o(.ARM.exidx) refers to lib_timer.o(.text) for [Anonymous Symbol]
    asciilib.o(.text) refers to asciilib.o(.rodata.AsciiLib) for AsciiLib
    asciilib.o(.ARM.exidx) refers to asciilib.o(.text) for [Anonymous Symbol]
    glcd.o(.text) refers to glcd.o(.bss.LCD_Code) for LCD_Code
    glcd.o(.text) refers to asciilib.o(.text) for GetASCIICode
    glcd.o(.ARM.exidx) refers to glcd.o(.text) for [Anonymous Symbol]
    hzlib.o(.text) refers to hzlib.o(.rodata.HzLib) for HzLib
    hzlib.o(.text) refers to rt_memcpy_v6.o(.text) for __aeabi_memcpy
    hzlib.o(.ARM.exidx) refers to hzlib.o(.text) for [Anonymous Symbol]
    touchpanel.o(.text) refers to glcd.o(.text) for LCD_SetPoint
    touchpanel.o(.text) refers to rt_memclr_w.o(.text) for __aeabi_memclr4
    touchpanel.o(.text) refers to touchpanel.o(.bss.Read_Ads7846.screen) for Read_Ads7846.screen
    touchpanel.o(.text) refers to dflt_clz.o(x$fpl$dflt) for __aeabi_i2d
    touchpanel.o(.text) refers to dcmp.o(x$fpl$fcmp) for __aeabi_dcmpeq
    touchpanel.o(.text) refers to dmul.o(x$fpl$dmul) for __aeabi_dmul
    touchpanel.o(.text) refers to daddsub_clz.o(x$fpl$dadd) for __aeabi_dadd
    touchpanel.o(.text) refers to ddiv.o(x$fpl$ddiv) for __aeabi_ddiv
    touchpanel.o(.text) refers to dfix.o(x$fpl$dfix) for __aeabi_d2iz
    touchpanel.o(.text) refers to touchpanel.o(.rodata.str1.1) for .L.str
    touchpanel.o(.text) refers to touchpanel.o(.data.DisplaySample) for DisplaySample
    touchpanel.o(.text) refers to touchpanel.o(.bss.ScreenSample) for ScreenSample
    touchpanel.o(.text) refers to touchpanel.o(.bss.matrix) for matrix
    touchpanel.o(.ARM.exidx) refers to touchpanel.o(.text) for [Anonymous Symbol]
    irq_rit.o(.text) refers to music.o(.bss.sound_duration) for sound_duration
    irq_rit.o(.text) refers to music.o(.text) for Stop_Sound
    irq_rit.o(.text) refers to tetris_game.o(.bss.gameState) for gameState
    irq_rit.o(.text) refers to lib_timer.o(.text) for disable_timer
    irq_rit.o(.text) refers to irq_adc.o(.bss.AD_current) for AD_current
    irq_rit.o(.text) refers to tetris_game.o(.bss.slow_mode_counter) for slow_mode_counter
    irq_rit.o(.text) refers to irq_rit.o(.bss.RIT_IRQHandler.J_left) for RIT_IRQHandler.J_left
    irq_rit.o(.text) refers to tetris_game.o(.data.curr_x) for curr_x
    irq_rit.o(.text) refers to tetris_game.o(.bss.curr_y) for curr_y
    irq_rit.o(.text) refers to tetris_game.o(.bss.currRot) for currRot
    irq_rit.o(.text) refers to tetris_game.o(.text) for CheckColl
    irq_rit.o(.text) refers to tetris_game.o(.bss.currPieceType) for currPieceType
    irq_rit.o(.text) refers to irq_rit.o(.bss.RIT_IRQHandler.J_right) for RIT_IRQHandler.J_right
    irq_rit.o(.text) refers to irq_rit.o(.bss.RIT_IRQHandler.J_select) for RIT_IRQHandler.J_select
    irq_rit.o(.text) refers to irq_rit.o(.bss.RIT_IRQHandler.downKey1) for RIT_IRQHandler.downKey1
    irq_rit.o(.text) refers to glcd.o(.text) for GUI_Text
    irq_rit.o(.text) refers to irq_rit.o(.bss.RIT_IRQHandler.downKey2) for RIT_IRQHandler.downKey2
    irq_rit.o(.text) refers to tetris_game.o(.bss.linescleared) for linescleared
    irq_rit.o(.ARM.exidx) refers to irq_rit.o(.text) for [Anonymous Symbol]
    lib_rit.o(.ARM.exidx) refers to lib_rit.o(.text) for [Anonymous Symbol]
    lib_joystick.o(.ARM.exidx) refers to lib_joystick.o(.text) for [Anonymous Symbol]
    irq_button.o(.text) refers to lib_rit.o(.text) for enable_RIT
    irq_button.o(.ARM.exidx) refers to irq_button.o(.text) for [Anonymous Symbol]
    lib_button.o(.ARM.exidx) refers to lib_button.o(.text) for [Anonymous Symbol]
    irq_adc.o(.ARM.exidx) refers to irq_adc.o(.text) for [Anonymous Symbol]
    lib_adc.o(.ARM.exidx) refers to lib_adc.o(.text) for [Anonymous Symbol]
    music.o(.text) refers to dac.o(.text) for DAC_init
    music.o(.text) refers to music.o(.bss.sound_duration) for sound_duration
    music.o(.ARM.exidx) refers to music.o(.text) for [Anonymous Symbol]
    dac.o(.ARM.exidx) refers to dac.o(.text) for [Anonymous Symbol]
    __2sprintf.o(.text) refers to _printf_char_common.o(.text) for _printf_char_common
    __2sprintf.o(.text) refers to _sputc.o(.text) for _sputc
    noretval__2sprintf.o(.text) refers to _printf_char_common.o(.text) for _printf_char_common
    noretval__2sprintf.o(.text) refers to _sputc.o(.text) for _sputc
    __printf.o(.text) refers to _printf_percent.o(.ARM.Collect$$_printf_percent$$00000000) for _printf_percent
    _printf_dec.o(.text) refers to _printf_intcommon.o(.text) for _printf_int_common
    __printf_flags.o(.text) refers to _printf_percent.o(.ARM.Collect$$_printf_percent$$00000000) for _printf_percent
    __printf_flags.o(.text) refers to __printf_flags.o(.constdata) for .constdata
    __printf_ss.o(.text) refers to _printf_percent.o(.ARM.Collect$$_printf_percent$$00000000) for _printf_percent
    __printf_flags_ss.o(.text) refers to _printf_percent.o(.ARM.Collect$$_printf_percent$$00000000) for _printf_percent
    __printf_flags_ss.o(.text) refers to __printf_flags_ss.o(.constdata) for .constdata
    __printf_wp.o(.text) refers to __printf_wp.o(i._is_digit) for _is_digit
    __printf_wp.o(.text) refers to _printf_percent.o(.ARM.Collect$$_printf_percent$$00000000) for _printf_percent
    __printf_flags_wp.o(.text) refers to __printf_wp.o(i._is_digit) for _is_digit
    __printf_flags_wp.o(.text) refers to _printf_percent.o(.ARM.Collect$$_printf_percent$$00000000) for _printf_percent
    __printf_flags_wp.o(.text) refers to __printf_flags_wp.o(.constdata) for .constdata
    __printf_ss_wp.o(.text) refers to __printf_wp.o(i._is_digit) for _is_digit
    __printf_ss_wp.o(.text) refers to _printf_percent.o(.ARM.Collect$$_printf_percent$$00000000) for _printf_percent
    __printf_flags_ss_wp.o(.text) refers to __printf_wp.o(i._is_digit) for _is_digit
    __printf_flags_ss_wp.o(.text) refers to _printf_percent.o(.ARM.Collect$$_printf_percent$$00000000) for _printf_percent
    __printf_flags_ss_wp.o(.text) refers to __printf_flags_ss_wp.o(.constdata) for .constdata
    _printf_d.o(.ARM.Collect$$_printf_percent$$00000009) refers (Weak) to _printf_dec.o(.text) for _printf_int_dec
    _printf_percent.o(.ARM.Collect$$_printf_percent$$00000000) refers (Special) to _printf_percent_end.o(.ARM.Collect$$_printf_percent$$00000017) for _printf_percent_end
    rand.o(.emb_text) refers (Special) to libinit2.o(.ARM.Collect$$libinit$$0000000F) for __rt_lib_init_rand_2
    rand.o(.emb_text) refers to rand.o(.text) for _rand_init
    rand.o(.emb_text) refers to rand.o(.bss) for _random_number_data
    rand.o(.text) refers (Special) to libinit2.o(.ARM.Collect$$libinit$$0000000F) for __rt_lib_init_rand_2
    rand.o(.text) refers to rand.o(.bss) for .bss
    rand.o(.bss) refers (Special) to libinit2.o(.ARM.Collect$$libinit$$0000000F) for __rt_lib_init_rand_2
    rt_memcpy_v6.o(.text) refers to rt_memcpy_w.o(.text) for __aeabi_memcpy4
    __main.o(!!!main) refers to __rtentry.o(.ARM.Collect$$rtentry$$00000000) for __rt_entry
    daddsub_clz.o(x$fpl$dadd) refers (Special) to usenofp.o(x$fpl$usenofp) for __I$use$fp
    daddsub_clz.o(x$fpl$dadd) refers to daddsub_clz.o(x$fpl$dsub) for _dsub1
    daddsub_clz.o(x$fpl$dadd) refers to dretinf.o(x$fpl$dretinf) for __fpl_dretinf
    daddsub_clz.o(x$fpl$dadd) refers to dnaninf.o(x$fpl$dnaninf) for __fpl_dnaninf
    daddsub_clz.o(x$fpl$drsb) refers (Special) to usenofp.o(x$fpl$usenofp) for __I$use$fp
    daddsub_clz.o(x$fpl$drsb) refers to daddsub_clz.o(x$fpl$dadd) for _dadd1
    daddsub_clz.o(x$fpl$drsb) refers to daddsub_clz.o(x$fpl$dsub) for _dsub1
    daddsub_clz.o(x$fpl$dsub) refers (Special) to usenofp.o(x$fpl$usenofp) for __I$use$fp
    daddsub_clz.o(x$fpl$dsub) refers to daddsub_clz.o(x$fpl$dadd) for _dadd1
    daddsub_clz.o(x$fpl$dsub) refers to dnaninf.o(x$fpl$dnaninf) for __fpl_dnaninf
    dcmp.o(x$fpl$fcmp) refers (Special) to usenofp.o(x$fpl$usenofp) for __I$use$fp
    dcmp.o(x$fpl$fcmp) refers to deqf.o(x$fpl$deqf) for _dcmpeq
    dcmp.o(x$fpl$fcmp) refers to dgeqf.o(x$fpl$dgeqf) for _dcmpge
    dcmp.o(x$fpl$fcmp) refers to dleqf.o(x$fpl$dleqf) for _dcmple
    ddiv.o(x$fpl$drdiv) refers (Special) to usenofp.o(x$fpl$usenofp) for __I$use$fp
    ddiv.o(x$fpl$drdiv) refers to ddiv.o(x$fpl$ddiv) for ddiv_entry
    ddiv.o(x$fpl$ddiv) refers (Special) to usenofp.o(x$fpl$usenofp) for __I$use$fp
    ddiv.o(x$fpl$ddiv) refers to dretinf.o(x$fpl$dretinf) for __fpl_dretinf
    ddiv.o(x$fpl$ddiv) refers to dnaninf.o(x$fpl$dnaninf) for __fpl_dnaninf
    dfix.o(x$fpl$dfix) refers (Special) to usenofp.o(x$fpl$usenofp) for __I$use$fp
    dfix.o(x$fpl$dfix) refers to dnaninf.o(x$fpl$dnaninf) for __fpl_dnaninf
    dfix.o(x$fpl$dfixr) refers (Special) to usenofp.o(x$fpl$usenofp) for __I$use$fp
    dfix.o(x$fpl$dfixr) refers to dnaninf.o(x$fpl$dnaninf) for __fpl_dnaninf
    dflt_clz.o(x$fpl$dfltu) refers (Special) to usenofp.o(x$fpl$usenofp) for __I$use$fp
    dflt_clz.o(x$fpl$dflt) refers (Special) to usenofp.o(x$fpl$usenofp) for __I$use$fp
    dflt_clz.o(x$fpl$dfltn) refers (Special) to usenofp.o(x$fpl$usenofp) for __I$use$fp
    dmul.o(x$fpl$dmul) refers (Special) to usenofp.o(x$fpl$usenofp) for __I$use$fp
    dmul.o(x$fpl$dmul) refers to dretinf.o(x$fpl$dretinf) for __fpl_dretinf
    dmul.o(x$fpl$dmul) refers to dnaninf.o(x$fpl$dnaninf) for __fpl_dnaninf
    __rtentry.o(.ARM.Collect$$rtentry$$00000000) refers (Special) to __rtentry2.o(.ARM.Collect$$rtentry$$0000000A) for __rt_entry_li
    __rtentry.o(.ARM.Collect$$rtentry$$00000000) refers (Special) to __rtentry2.o(.ARM.Collect$$rtentry$$0000000D) for __rt_entry_main
    __rtentry.o(.ARM.Collect$$rtentry$$00000000) refers (Special) to __rtentry2.o(.ARM.Collect$$rtentry$$0000000C) for __rt_entry_postli_1
    __rtentry.o(.ARM.Collect$$rtentry$$00000000) refers (Special) to __rtentry2.o(.ARM.Collect$$rtentry$$00000009) for __rt_entry_postsh_1
    __rtentry.o(.ARM.Collect$$rtentry$$00000000) refers (Special) to __rtentry2.o(.ARM.Collect$$rtentry$$00000002) for __rt_entry_presh_1
    __rtentry.o(.ARM.Collect$$rtentry$$00000000) refers (Special) to __rtentry4.o(.ARM.Collect$$rtentry$$00000004) for __rt_entry_sh
    _printf_char_common.o(.text) refers to __printf.o(.text) for __printf
    libinit2.o(.ARM.Collect$$libinit$$0000000F) refers (Weak) to rand.o(.text) for _rand_init
    libinit2.o(.ARM.Collect$$libinit$$00000012) refers to libinit2.o(.ARM.Collect$$libinit$$00000011) for .ARM.Collect$$libinit$$00000011
    libinit2.o(.ARM.Collect$$libinit$$00000014) refers to libinit2.o(.ARM.Collect$$libinit$$00000011) for .ARM.Collect$$libinit$$00000011
    libinit2.o(.ARM.Collect$$libinit$$00000016) refers to libinit2.o(.ARM.Collect$$libinit$$00000011) for .ARM.Collect$$libinit$$00000011
    libinit2.o(.ARM.Collect$$libinit$$00000018) refers to libinit2.o(.ARM.Collect$$libinit$$00000011) for .ARM.Collect$$libinit$$00000011
    libinit2.o(.ARM.Collect$$libinit$$0000001A) refers to libinit2.o(.ARM.Collect$$libinit$$00000011) for .ARM.Collect$$libinit$$00000011
    libinit2.o(.ARM.Collect$$libinit$$00000028) refers to argv_veneer.o(.emb_text) for __ARM_argv_veneer
    libinit2.o(.ARM.Collect$$libinit$$00000029) refers to argv_veneer.o(.emb_text) for __ARM_argv_veneer
    deqf.o(x$fpl$deqf) refers (Special) to usenofp.o(x$fpl$usenofp) for __I$use$fp
    deqf.o(x$fpl$deqf) refers to dnaninf.o(x$fpl$dnaninf) for __fpl_dnaninf
    deqf.o(x$fpl$deqf) refers to dcmpi.o(x$fpl$dcmpinf) for __fpl_dcmp_Inf
    dgeqf.o(x$fpl$dgeqf) refers (Special) to usenofp.o(x$fpl$usenofp) for __I$use$fp
    dgeqf.o(x$fpl$dgeqf) refers to dnaninf.o(x$fpl$dnaninf) for __fpl_dnaninf
    dgeqf.o(x$fpl$dgeqf) refers to dcmpi.o(x$fpl$dcmpinf) for __fpl_dcmp_Inf
    dleqf.o(x$fpl$dleqf) refers (Special) to usenofp.o(x$fpl$usenofp) for __I$use$fp
    dleqf.o(x$fpl$dleqf) refers to dnaninf.o(x$fpl$dnaninf) for __fpl_dnaninf
    dleqf.o(x$fpl$dleqf) refers to dcmpi.o(x$fpl$dcmpinf) for __fpl_dcmp_Inf
    dnaninf.o(x$fpl$dnaninf) refers (Special) to usenofp.o(x$fpl$usenofp) for __I$use$fp
    dretinf.o(x$fpl$dretinf) refers (Special) to usenofp.o(x$fpl$usenofp) for __I$use$fp
    __rtentry2.o(.ARM.Collect$$rtentry$$00000008) refers to boardinit2.o(.text) for _platform_post_stackheap_init
    __rtentry2.o(.ARM.Collect$$rtentry$$0000000A) refers to libinit.o(.ARM.Collect$$libinit$$00000000) for __rt_lib_init
    __rtentry2.o(.ARM.Collect$$rtentry$$0000000B) refers to boardinit3.o(.text) for _platform_post_lib_init
    __rtentry2.o(.ARM.Collect$$rtentry$$0000000D) refers to sample.o(.text) for main
    __rtentry2.o(.ARM.Collect$$rtentry$$0000000D) refers to exit.o(.text) for exit
    __rtentry2.o(.ARM.exidx) refers to __rtentry2.o(.ARM.Collect$$rtentry$$00000001) for .ARM.Collect$$rtentry$$00000001
    __rtentry2.o(.ARM.exidx) refers to __rtentry2.o(.ARM.Collect$$rtentry$$00000008) for .ARM.Collect$$rtentry$$00000008
    __rtentry2.o(.ARM.exidx) refers to __rtentry2.o(.ARM.Collect$$rtentry$$0000000A) for .ARM.Collect$$rtentry$$0000000A
    __rtentry2.o(.ARM.exidx) refers to __rtentry2.o(.ARM.Collect$$rtentry$$0000000B) for .ARM.Collect$$rtentry$$0000000B
    __rtentry2.o(.ARM.exidx) refers to __rtentry2.o(.ARM.Collect$$rtentry$$0000000D) for .ARM.Collect$$rtentry$$0000000D
    __rtentry4.o(.ARM.Collect$$rtentry$$00000004) refers to sys_stackheap_outer.o(.text) for __user_setup_stackheap
    __rtentry4.o(.ARM.exidx) refers to __rtentry4.o(.ARM.Collect$$rtentry$$00000004) for .ARM.Collect$$rtentry$$00000004
    argv_veneer.o(.emb_text) refers to no_argv.o(.text) for __ARM_get_argv
    dcmpi.o(x$fpl$dcmpinf) refers (Special) to usenofp.o(x$fpl$usenofp) for __I$use$fp
    sys_stackheap_outer.o(.text) refers to libspace.o(.text) for __user_perproc_libspace
    sys_stackheap_outer.o(.text) refers to startup_lpc17xx.o(.text) for __user_initial_stackheap
    exit.o(.text) refers to rtexit.o(.ARM.Collect$$rtexit$$00000000) for __rt_exit
    _get_argv_nomalloc.o(.text) refers (Special) to hrguard.o(.text) for __heap_region$guard
    _get_argv_nomalloc.o(.text) refers to defsig_rtmem_outer.o(.text) for __rt_SIGRTMEM
    _get_argv_nomalloc.o(.text) refers to sys_command.o(.text) for _sys_command_string
    libinit.o(.ARM.Collect$$libinit$$00000000) refers (Special) to libinit2.o(.ARM.Collect$$libinit$$00000030) for __rt_lib_init_alloca_1
    libinit.o(.ARM.Collect$$libinit$$00000000) refers (Special) to libinit2.o(.ARM.Collect$$libinit$$0000002E) for __rt_lib_init_argv_1
    libinit.o(.ARM.Collect$$libinit$$00000000) refers (Special) to libinit2.o(.ARM.Collect$$libinit$$0000001D) for __rt_lib_init_atexit_1
    libinit.o(.ARM.Collect$$libinit$$00000000) refers (Special) to libinit2.o(.ARM.Collect$$libinit$$00000023) for __rt_lib_init_clock_1
    libinit.o(.ARM.Collect$$libinit$$00000000) refers (Special) to libinit2.o(.ARM.Collect$$libinit$$00000034) for __rt_lib_init_cpp_1
    libinit.o(.ARM.Collect$$libinit$$00000000) refers (Special) to libinit2.o(.ARM.Collect$$libinit$$00000032) for __rt_lib_init_exceptions_1
    libinit.o(.ARM.Collect$$libinit$$00000000) refers (Special) to libinit2.o(.ARM.Collect$$libinit$$00000002) for __rt_lib_init_fp_1
    libinit.o(.ARM.Collect$$libinit$$00000000) refers (Special) to libinit2.o(.ARM.Collect$$libinit$$00000021) for __rt_lib_init_fp_trap_1
    libinit.o(.ARM.Collect$$libinit$$00000000) refers (Special) to libinit2.o(.ARM.Collect$$libinit$$00000025) for __rt_lib_init_getenv_1
    libinit.o(.ARM.Collect$$libinit$$00000000) refers (Special) to libinit2.o(.ARM.Collect$$libinit$$0000000C) for __rt_lib_init_heap_1
    libinit.o(.ARM.Collect$$libinit$$00000000) refers (Special) to libinit2.o(.ARM.Collect$$libinit$$00000013) for __rt_lib_init_lc_collate_1
    libinit.o(.ARM.Collect$$libinit$$00000000) refers (Special) to libinit2.o(.ARM.Collect$$libinit$$00000015) for __rt_lib_init_lc_ctype_1
    libinit.o(.ARM.Collect$$libinit$$00000000) refers (Special) to libinit2.o(.ARM.Collect$$libinit$$00000017) for __rt_lib_init_lc_monetary_1
    libinit.o(.ARM.Collect$$libinit$$00000000) refers (Special) to libinit2.o(.ARM.Collect$$libinit$$00000019) for __rt_lib_init_lc_numeric_1
    libinit.o(.ARM.Collect$$libinit$$00000000) refers (Special) to libinit2.o(.ARM.Collect$$libinit$$0000001B) for __rt_lib_init_lc_time_1
    libinit.o(.ARM.Collect$$libinit$$00000000) refers (Special) to libinit2.o(.ARM.Collect$$libinit$$00000006) for __rt_lib_init_preinit_1
    libinit.o(.ARM.Collect$$libinit$$00000000) refers (Special) to libinit2.o(.ARM.Collect$$libinit$$00000010) for __rt_lib_init_rand_1
    libinit.o(.ARM.Collect$$libinit$$00000000) refers (Special) to libinit2.o(.ARM.Collect$$libinit$$00000004) for __rt_lib_init_relocate_pie_1
    libinit.o(.ARM.Collect$$libinit$$00000000) refers (Special) to libinit2.o(.ARM.Collect$$libinit$$00000035) for __rt_lib_init_return
    libinit.o(.ARM.Collect$$libinit$$00000000) refers (Special) to libinit2.o(.ARM.Collect$$libinit$$0000001F) for __rt_lib_init_signal_1
    libinit.o(.ARM.Collect$$libinit$$00000000) refers (Special) to libinit2.o(.ARM.Collect$$libinit$$00000027) for __rt_lib_init_stdio_1
    libinit.o(.ARM.Collect$$libinit$$00000000) refers (Special) to libinit2.o(.ARM.Collect$$libinit$$0000000E) for __rt_lib_init_user_alloc_1
    sys_command.o(.text) refers (Special) to use_no_semi.o(.text) for __I$use$semihosting
    sys_command.o(.text) refers (Special) to indicate_semi.o(.text) for __semihosting_library_function
    sys_command_hlt.o(.text) refers (Special) to use_no_semi.o(.text) for __I$use$semihosting
    sys_command_hlt.o(.text) refers (Special) to indicate_semi.o(.text) for __semihosting_library_function
    libspace.o(.text) refers to libspace.o(.bss) for __libspace_start
    rtexit.o(.ARM.Collect$$rtexit$$00000000) refers (Special) to rtexit2.o(.ARM.Collect$$rtexit$$00000004) for __rt_exit_exit
    rtexit.o(.ARM.Collect$$rtexit$$00000000) refers (Special) to rtexit2.o(.ARM.Collect$$rtexit$$00000003) for __rt_exit_ls
    rtexit.o(.ARM.Collect$$rtexit$$00000000) refers (Special) to rtexit2.o(.ARM.Collect$$rtexit$$00000002) for __rt_exit_prels_1
    rtexit.o(.ARM.exidx) refers (Special) to rtexit2.o(.ARM.Collect$$rtexit$$00000004) for __rt_exit_exit
    rtexit.o(.ARM.exidx) refers (Special) to rtexit2.o(.ARM.Collect$$rtexit$$00000003) for __rt_exit_ls
    rtexit.o(.ARM.exidx) refers (Special) to rtexit2.o(.ARM.Collect$$rtexit$$00000002) for __rt_exit_prels_1
    rtexit.o(.ARM.exidx) refers to rtexit.o(.ARM.Collect$$rtexit$$00000000) for .ARM.Collect$$rtexit$$00000000
    defsig_rtmem_outer.o(.text) refers to defsig_rtmem_inner.o(.text) for __rt_SIGRTMEM_inner
    defsig_rtmem_outer.o(.text) refers to defsig_exit.o(.text) for __sig_exit
    defsig_rtmem_formal.o(.text) refers to rt_raise.o(.text) for __rt_raise
    rtexit2.o(.ARM.Collect$$rtexit$$00000003) refers to libshutdown.o(.ARM.Collect$$libshutdown$$00000000) for __rt_lib_shutdown
    rtexit2.o(.ARM.Collect$$rtexit$$00000004) refers to sys_exit.o(.text) for _sys_exit
    rtexit2.o(.ARM.exidx) refers to rtexit2.o(.ARM.Collect$$rtexit$$00000001) for .ARM.Collect$$rtexit$$00000001
    rtexit2.o(.ARM.exidx) refers to rtexit2.o(.ARM.Collect$$rtexit$$00000003) for .ARM.Collect$$rtexit$$00000003
    rtexit2.o(.ARM.exidx) refers to rtexit2.o(.ARM.Collect$$rtexit$$00000004) for .ARM.Collect$$rtexit$$00000004
    rt_raise.o(.text) refers to __raise.o(.text) for __raise
    rt_raise.o(.text) refers to sys_exit.o(.text) for _sys_exit
    defsig_exit.o(.text) refers to sys_exit.o(.text) for _sys_exit
    defsig_rtmem_inner.o(.text) refers to defsig_general.o(.text) for __default_signal_display
    sys_exit.o(.text) refers (Special) to use_no_semi.o(.text) for __I$use$semihosting
    sys_exit.o(.text) refers (Special) to indicate_semi.o(.text) for __semihosting_library_function
    sys_exit_hlt.o(.text) refers (Special) to use_no_semi.o(.text) for __I$use$semihosting
    sys_exit_hlt.o(.text) refers (Special) to indicate_semi.o(.text) for __semihosting_library_function
    __raise.o(.text) refers to defsig.o(CL$$defsig) for __default_signal_handler
    defsig_general.o(.text) refers to sys_wrch.o(.text) for _ttywrch
    libshutdown.o(.ARM.Collect$$libshutdown$$00000000) refers (Special) to libshutdown2.o(.ARM.Collect$$libshutdown$$00000002) for __rt_lib_shutdown_cpp_1
    libshutdown.o(.ARM.Collect$$libshutdown$$00000000) refers (Special) to libshutdown2.o(.ARM.Collect$$libshutdown$$00000007) for __rt_lib_shutdown_fp_trap_1
    libshutdown.o(.ARM.Collect$$libshutdown$$00000000) refers (Special) to libshutdown2.o(.ARM.Collect$$libshutdown$$0000000F) for __rt_lib_shutdown_heap_1
    libshutdown.o(.ARM.Collect$$libshutdown$$00000000) refers (Special) to libshutdown2.o(.ARM.Collect$$libshutdown$$00000010) for __rt_lib_shutdown_return
    libshutdown.o(.ARM.Collect$$libshutdown$$00000000) refers (Special) to libshutdown2.o(.ARM.Collect$$libshutdown$$0000000A) for __rt_lib_shutdown_signal_1
    libshutdown.o(.ARM.Collect$$libshutdown$$00000000) refers (Special) to libshutdown2.o(.ARM.Collect$$libshutdown$$00000004) for __rt_lib_shutdown_stdio_1
    libshutdown.o(.ARM.Collect$$libshutdown$$00000000) refers (Special) to libshutdown2.o(.ARM.Collect$$libshutdown$$0000000C) for __rt_lib_shutdown_user_alloc_1
    sys_wrch.o(.text) refers (Special) to use_no_semi.o(.text) for __I$use$semihosting
    sys_wrch.o(.text) refers (Special) to indicate_semi.o(.text) for __semihosting_library_function
    sys_wrch_hlt.o(.text) refers (Special) to use_no_semi.o(.text) for __I$use$semihosting
    sys_wrch_hlt.o(.text) refers (Special) to indicate_semi.o(.text) for __semihosting_library_function
    defsig.o(CL$$defsig) refers to defsig_rtmem_inner.o(.text) for __rt_SIGRTMEM_inner
    defsig_abrt_inner.o(.text) refers to defsig_general.o(.text) for __default_signal_display
    defsig_fpe_inner.o(.text) refers to defsig_general.o(.text) for __default_signal_display
    defsig_rtred_inner.o(.text) refers to defsig_general.o(.text) for __default_signal_display
    defsig_stak_inner.o(.text) refers to defsig_general.o(.text) for __default_signal_display
    defsig_pvfn_inner.o(.text) refers to defsig_general.o(.text) for __default_signal_display
    defsig_cppl_inner.o(.text) refers to defsig_general.o(.text) for __default_signal_display
    defsig_segv_inner.o(.text) refers to defsig_general.o(.text) for __default_signal_display
    defsig_other.o(.text) refers to defsig_general.o(.text) for __default_signal_display


==============================================================================

Removing Unused input sections from the image.

    Removing sample.o(.ARM.exidx), (8 bytes).
    Removing sample.o(.ARM.use_no_argv), (4 bytes).
    Removing tetris_game.o(.ARM.exidx), (96 bytes).
    Removing system_lpc17xx.o(.ARM.exidx), (8 bytes).
    Removing irq_timer.o(.ARM.exidx), (32 bytes).
    Removing lib_timer.o(.ARM.exidx), (32 bytes).
    Removing asciilib.o(.ARM.exidx), (8 bytes).
    Removing glcd.o(.ARM.exidx), (96 bytes).
    Removing hzlib.o(.text), (36 bytes).
    Removing hzlib.o(.ARM.exidx), (8 bytes).
    Removing hzlib.o(.rodata.HzLib), (216576 bytes).
    Removing touchpanel.o(.text), (3370 bytes).
    Removing touchpanel.o(.ARM.exidx), (128 bytes).
    Removing touchpanel.o(.data.DisplaySample), (12 bytes).
    Removing touchpanel.o(.bss.Read_Ads7846.screen), (4 bytes).
    Removing touchpanel.o(.rodata.str1.1), (29 bytes).
    Removing touchpanel.o(.bss.ScreenSample), (12 bytes).
    Removing touchpanel.o(.bss.matrix), (56 bytes).
    Removing touchpanel.o(.bss.display), (4 bytes).
    Removing irq_rit.o(.ARM.exidx), (8 bytes).
    Removing lib_rit.o(.ARM.exidx), (32 bytes).
    Removing lib_joystick.o(.ARM.exidx), (8 bytes).
    Removing funct_joystick.o(.text), (0 bytes).
    Removing irq_button.o(.ARM.exidx), (16 bytes).
    Removing lib_button.o(.ARM.exidx), (8 bytes).
    Removing irq_adc.o(.ARM.exidx), (8 bytes).
    Removing lib_adc.o(.ARM.exidx), (16 bytes).
    Removing music.o(.ARM.exidx), (32 bytes).
    Removing dac.o(.ARM.exidx), (8 bytes).

29 unused section(s) (total 220655 bytes) removed from the image.

==============================================================================

Image Symbol Table

    Local Symbols

    Symbol Name                              Value     Ov Type        Size  Object(Section)

    ../clib/angel/boardlib.s                 0x00000000   Number         0  boardinit1.o ABSOLUTE
    ../clib/angel/boardlib.s                 0x00000000   Number         0  boardinit2.o ABSOLUTE
    ../clib/angel/boardlib.s                 0x00000000   Number         0  boardinit3.o ABSOLUTE
    ../clib/angel/boardlib.s                 0x00000000   Number         0  boardshut.o ABSOLUTE
    ../clib/angel/handlers.s                 0x00000000   Number         0  __scatter_copy.o ABSOLUTE
    ../clib/angel/handlers.s                 0x00000000   Number         0  __scatter_zi.o ABSOLUTE
    ../clib/angel/kernel.s                   0x00000000   Number         0  __rtentry.o ABSOLUTE
    ../clib/angel/kernel.s                   0x00000000   Number         0  __rtentry2.o ABSOLUTE
    ../clib/angel/kernel.s                   0x00000000   Number         0  __rtentry4.o ABSOLUTE
    ../clib/angel/kernel.s                   0x00000000   Number         0  rtexit.o ABSOLUTE
    ../clib/angel/kernel.s                   0x00000000   Number         0  rtexit2.o ABSOLUTE
    ../clib/angel/rt.s                       0x00000000   Number         0  rt_raise.o ABSOLUTE
    ../clib/angel/scatter.s                  0x00000000   Number         0  __scatter.o ABSOLUTE
    ../clib/angel/startup.s                  0x00000000   Number         0  __main.o ABSOLUTE
    ../clib/angel/sys.s                      0x00000000   Number         0  sys_stackheap_outer.o ABSOLUTE
    ../clib/angel/sys.s                      0x00000000   Number         0  libspace.o ABSOLUTE
    ../clib/angel/sys.s                      0x00000000   Number         0  use_no_semi.o ABSOLUTE
    ../clib/angel/sys.s                      0x00000000   Number         0  indicate_semi.o ABSOLUTE
    ../clib/angel/sysapp.c                   0x00000000   Number         0  sys_command.o ABSOLUTE
    ../clib/angel/sysapp.c                   0x00000000   Number         0  sys_command_hlt.o ABSOLUTE
    ../clib/angel/sysapp.c                   0x00000000   Number         0  sys_exit.o ABSOLUTE
    ../clib/angel/sysapp.c                   0x00000000   Number         0  sys_exit_hlt.o ABSOLUTE
    ../clib/angel/sysapp.c                   0x00000000   Number         0  sys_wrch.o ABSOLUTE
    ../clib/angel/sysapp.c                   0x00000000   Number         0  sys_wrch_hlt.o ABSOLUTE
    ../clib/armsys.c                         0x00000000   Number         0  argv_veneer.o ABSOLUTE
    ../clib/armsys.c                         0x00000000   Number         0  argv_veneer.o ABSOLUTE
    ../clib/armsys.c                         0x00000000   Number         0  _get_argv_nomalloc.o ABSOLUTE
    ../clib/armsys.c                         0x00000000   Number         0  no_argv.o ABSOLUTE
    ../clib/heapalloc.c                      0x00000000   Number         0  hrguard.o ABSOLUTE
    ../clib/heapaux.c                        0x00000000   Number         0  heapauxi.o ABSOLUTE
    ../clib/libinit.s                        0x00000000   Number         0  libinit2.o ABSOLUTE
    ../clib/libinit.s                        0x00000000   Number         0  libinit.o ABSOLUTE
    ../clib/libinit.s                        0x00000000   Number         0  libshutdown.o ABSOLUTE
    ../clib/libinit.s                        0x00000000   Number         0  libshutdown2.o ABSOLUTE
    ../clib/memcpset.s                       0x00000000   Number         0  rt_memcpy_v6.o ABSOLUTE
    ../clib/memcpset.s                       0x00000000   Number         0  rt_memclr_w.o ABSOLUTE
    ../clib/memcpset.s                       0x00000000   Number         0  rt_memcpy_w.o ABSOLUTE
    ../clib/printf.c                         0x00000000   Number         0  __2sprintf.o ABSOLUTE
    ../clib/printf.c                         0x00000000   Number         0  noretval__2sprintf.o ABSOLUTE
    ../clib/printf.c                         0x00000000   Number         0  __printf.o ABSOLUTE
    ../clib/printf.c                         0x00000000   Number         0  _printf_dec.o ABSOLUTE
    ../clib/printf.c                         0x00000000   Number         0  __printf_flags.o ABSOLUTE
    ../clib/printf.c                         0x00000000   Number         0  __printf_ss.o ABSOLUTE
    ../clib/printf.c                         0x00000000   Number         0  __printf_flags_ss.o ABSOLUTE
    ../clib/printf.c                         0x00000000   Number         0  __printf_wp.o ABSOLUTE
    ../clib/printf.c                         0x00000000   Number         0  __printf_flags_wp.o ABSOLUTE
    ../clib/printf.c                         0x00000000   Number         0  __printf_ss_wp.o ABSOLUTE
    ../clib/printf.c                         0x00000000   Number         0  __printf_flags_ss_wp.o ABSOLUTE
    ../clib/printf.c                         0x00000000   Number         0  _printf_intcommon.o ABSOLUTE
    ../clib/printf.c                         0x00000000   Number         0  _printf_char_common.o ABSOLUTE
    ../clib/printf.c                         0x00000000   Number         0  _sputc.o ABSOLUTE
    ../clib/printf.c                         0x00000000   Number         0  __printf_nopercent.o ABSOLUTE
    ../clib/printf_percent.s                 0x00000000   Number         0  _printf_d.o ABSOLUTE
    ../clib/printf_percent.s                 0x00000000   Number         0  _printf_percent.o ABSOLUTE
    ../clib/printf_percent.s                 0x00000000   Number         0  _printf_percent_end.o ABSOLUTE
    ../clib/signal.c                         0x00000000   Number         0  defsig_rtmem_outer.o ABSOLUTE
    ../clib/signal.c                         0x00000000   Number         0  defsig_rtmem_formal.o ABSOLUTE
    ../clib/signal.c                         0x00000000   Number         0  defsig_exit.o ABSOLUTE
    ../clib/signal.c                         0x00000000   Number         0  defsig_rtmem_inner.o ABSOLUTE
    ../clib/signal.c                         0x00000000   Number         0  __raise.o ABSOLUTE
    ../clib/signal.c                         0x00000000   Number         0  defsig_general.o ABSOLUTE
    ../clib/signal.c                         0x00000000   Number         0  defsig_abrt_inner.o ABSOLUTE
    ../clib/signal.c                         0x00000000   Number         0  defsig_fpe_inner.o ABSOLUTE
    ../clib/signal.c                         0x00000000   Number         0  defsig_rtred_inner.o ABSOLUTE
    ../clib/signal.c                         0x00000000   Number         0  defsig_stak_inner.o ABSOLUTE
    ../clib/signal.c                         0x00000000   Number         0  defsig_pvfn_inner.o ABSOLUTE
    ../clib/signal.c                         0x00000000   Number         0  defsig_cppl_inner.o ABSOLUTE
    ../clib/signal.c                         0x00000000   Number         0  defsig_segv_inner.o ABSOLUTE
    ../clib/signal.c                         0x00000000   Number         0  defsig_other.o ABSOLUTE
    ../clib/signal.s                         0x00000000   Number         0  defsig.o ABSOLUTE
    ../clib/stdlib.c                         0x00000000   Number         0  rand.o ABSOLUTE
    ../clib/stdlib.c                         0x00000000   Number         0  rand.o ABSOLUTE
    ../clib/stdlib.c                         0x00000000   Number         0  exit.o ABSOLUTE
    ../fplib/daddsub.s                       0x00000000   Number         0  daddsub_clz.o ABSOLUTE
    ../fplib/dcmp.s                          0x00000000   Number         0  dcmp.o ABSOLUTE
    ../fplib/dcmpi.s                         0x00000000   Number         0  dcmpi.o ABSOLUTE
    ../fplib/ddiv.s                          0x00000000   Number         0  ddiv.o ABSOLUTE
    ../fplib/deqf.s                          0x00000000   Number         0  deqf.o ABSOLUTE
    ../fplib/dfix.s                          0x00000000   Number         0  dfix.o ABSOLUTE
    ../fplib/dflt.s                          0x00000000   Number         0  dflt_clz.o ABSOLUTE
    ../fplib/dgeqf.s                         0x00000000   Number         0  dgeqf.o ABSOLUTE
    ../fplib/dleqf.s                         0x00000000   Number         0  dleqf.o ABSOLUTE
    ../fplib/dmul.s                          0x00000000   Number         0  dmul.o ABSOLUTE
    ../fplib/dnaninf.s                       0x00000000   Number         0  dnaninf.o ABSOLUTE
    ../fplib/dretinf.s                       0x00000000   Number         0  dretinf.o ABSOLUTE
    ../fplib/fpinit.s                        0x00000000   Number         0  fpinit.o ABSOLUTE
    ../fplib/fpinit_empty.s                  0x00000000   Number         0  fpinit_empty.o ABSOLUTE
    ../fplib/usenofp.s                       0x00000000   Number         0  usenofp.o ABSOLUTE
    AsciiLib.c                               0x00000000   Number         0  asciilib.o ABSOLUTE
    GLCD.c                                   0x00000000   Number         0  glcd.o ABSOLUTE
    HzLib.c                                  0x00000000   Number         0  hzlib.o ABSOLUTE
    IRQ_RIT.c                                0x00000000   Number         0  irq_rit.o ABSOLUTE
    IRQ_adc.c                                0x00000000   Number         0  irq_adc.o ABSOLUTE
    IRQ_button.c                             0x00000000   Number         0  irq_button.o ABSOLUTE
    IRQ_timer.c                              0x00000000   Number         0  irq_timer.o ABSOLUTE
    Source\startup_LPC17xx.s                 0x00000000   Number         0  startup_lpc17xx.o ABSOLUTE
    TouchPanel.c                             0x00000000   Number         0  touchpanel.o ABSOLUTE
    dac.c                                    0x00000000   Number         0  dac.o ABSOLUTE
    dc.s                                     0x00000000   Number         0  dc.o ABSOLUTE
    funct_joystick.c                         0x00000000   Number         0  funct_joystick.o ABSOLUTE
    lib_RIT.c                                0x00000000   Number         0  lib_rit.o ABSOLUTE
    lib_adc.c                                0x00000000   Number         0  lib_adc.o ABSOLUTE
    lib_button.c                             0x00000000   Number         0  lib_button.o ABSOLUTE
    lib_joystick.c                           0x00000000   Number         0  lib_joystick.o ABSOLUTE
    lib_timer.c                              0x00000000   Number         0  lib_timer.o ABSOLUTE
    music.c                                  0x00000000   Number         0  music.o ABSOLUTE
    sample.c                                 0x00000000   Number         0  sample.o ABSOLUTE
    system_LPC17xx.c                         0x00000000   Number         0  system_lpc17xx.o ABSOLUTE
    tetris_game.c                            0x00000000   Number         0  tetris_game.o ABSOLUTE
    RESET                                    0x00000000   Section      204  startup_lpc17xx.o(RESET)
    !!!main                                  0x000000cc   Section        8  __main.o(!!!main)
    !!!scatter                               0x000000d4   Section       92  __scatter.o(!!!scatter)
    !!handler_copy                           0x00000130   Section       26  __scatter_copy.o(!!handler_copy)
    !!handler_null                           0x0000014c   Section        2  __scatter.o(!!handler_null)
    !!handler_zi                             0x00000150   Section       28  __scatter_zi.o(!!handler_zi)
    .ARM.Collect$$_printf_percent$$00000000  0x0000016c   Section        0  _printf_percent.o(.ARM.Collect$$_printf_percent$$00000000)
    .ARM.Collect$$_printf_percent$$00000009  0x0000016c   Section        6  _printf_d.o(.ARM.Collect$$_printf_percent$$00000009)
    .ARM.Collect$$_printf_percent$$00000017  0x00000172   Section        4  _printf_percent_end.o(.ARM.Collect$$_printf_percent$$00000017)
    .ARM.Collect$$libinit$$00000000          0x00000176   Section        2  libinit.o(.ARM.Collect$$libinit$$00000000)
    .ARM.Collect$$libinit$$00000002          0x00000178   Section        0  libinit2.o(.ARM.Collect$$libinit$$00000002)
    .ARM.Collect$$libinit$$00000004          0x00000178   Section        0  libinit2.o(.ARM.Collect$$libinit$$00000004)
    .ARM.Collect$$libinit$$00000006          0x00000178   Section        0  libinit2.o(.ARM.Collect$$libinit$$00000006)
    .ARM.Collect$$libinit$$0000000C          0x00000178   Section        0  libinit2.o(.ARM.Collect$$libinit$$0000000C)
    .ARM.Collect$$libinit$$0000000E          0x00000178   Section        0  libinit2.o(.ARM.Collect$$libinit$$0000000E)
    .ARM.Collect$$libinit$$0000000F          0x00000178   Section        4  libinit2.o(.ARM.Collect$$libinit$$0000000F)
    .ARM.Collect$$libinit$$00000010          0x0000017c   Section        0  libinit2.o(.ARM.Collect$$libinit$$00000010)
    .ARM.Collect$$libinit$$00000013          0x0000017c   Section        0  libinit2.o(.ARM.Collect$$libinit$$00000013)
    .ARM.Collect$$libinit$$00000015          0x0000017c   Section        0  libinit2.o(.ARM.Collect$$libinit$$00000015)
    .ARM.Collect$$libinit$$00000017          0x0000017c   Section        0  libinit2.o(.ARM.Collect$$libinit$$00000017)
    .ARM.Collect$$libinit$$00000019          0x0000017c   Section        0  libinit2.o(.ARM.Collect$$libinit$$00000019)
    .ARM.Collect$$libinit$$0000001B          0x0000017c   Section        0  libinit2.o(.ARM.Collect$$libinit$$0000001B)
    .ARM.Collect$$libinit$$0000001D          0x0000017c   Section        0  libinit2.o(.ARM.Collect$$libinit$$0000001D)
    .ARM.Collect$$libinit$$0000001F          0x0000017c   Section        0  libinit2.o(.ARM.Collect$$libinit$$0000001F)
    .ARM.Collect$$libinit$$00000021          0x0000017c   Section        0  libinit2.o(.ARM.Collect$$libinit$$00000021)
    .ARM.Collect$$libinit$$00000023          0x0000017c   Section        0  libinit2.o(.ARM.Collect$$libinit$$00000023)
    .ARM.Collect$$libinit$$00000025          0x0000017c   Section        0  libinit2.o(.ARM.Collect$$libinit$$00000025)
    .ARM.Collect$$libinit$$00000027          0x0000017c   Section        0  libinit2.o(.ARM.Collect$$libinit$$00000027)
    .ARM.Collect$$libinit$$0000002E          0x0000017c   Section        0  libinit2.o(.ARM.Collect$$libinit$$0000002E)
    .ARM.Collect$$libinit$$00000030          0x0000017c   Section        0  libinit2.o(.ARM.Collect$$libinit$$00000030)
    .ARM.Collect$$libinit$$00000032          0x0000017c   Section        0  libinit2.o(.ARM.Collect$$libinit$$00000032)
    .ARM.Collect$$libinit$$00000034          0x0000017c   Section        0  libinit2.o(.ARM.Collect$$libinit$$00000034)
    .ARM.Collect$$libinit$$00000035          0x0000017c   Section        2  libinit2.o(.ARM.Collect$$libinit$$00000035)
    .ARM.Collect$$libshutdown$$00000000      0x0000017e   Section        2  libshutdown.o(.ARM.Collect$$libshutdown$$00000000)
    .ARM.Collect$$libshutdown$$00000002      0x00000180   Section        0  libshutdown2.o(.ARM.Collect$$libshutdown$$00000002)
    .ARM.Collect$$libshutdown$$00000004      0x00000180   Section        0  libshutdown2.o(.ARM.Collect$$libshutdown$$00000004)
    .ARM.Collect$$libshutdown$$00000007      0x00000180   Section        0  libshutdown2.o(.ARM.Collect$$libshutdown$$00000007)
    .ARM.Collect$$libshutdown$$0000000A      0x00000180   Section        0  libshutdown2.o(.ARM.Collect$$libshutdown$$0000000A)
    .ARM.Collect$$libshutdown$$0000000C      0x00000180   Section        0  libshutdown2.o(.ARM.Collect$$libshutdown$$0000000C)
    .ARM.Collect$$libshutdown$$0000000F      0x00000180   Section        0  libshutdown2.o(.ARM.Collect$$libshutdown$$0000000F)
    .ARM.Collect$$libshutdown$$00000010      0x00000180   Section        2  libshutdown2.o(.ARM.Collect$$libshutdown$$00000010)
    .ARM.Collect$$rtentry$$00000000          0x00000182   Section        0  __rtentry.o(.ARM.Collect$$rtentry$$00000000)
    .ARM.Collect$$rtentry$$00000002          0x00000182   Section        0  __rtentry2.o(.ARM.Collect$$rtentry$$00000002)
    .ARM.Collect$$rtentry$$00000004          0x00000182   Section        6  __rtentry4.o(.ARM.Collect$$rtentry$$00000004)
    .ARM.Collect$$rtentry$$00000009          0x00000188   Section        0  __rtentry2.o(.ARM.Collect$$rtentry$$00000009)
    .ARM.Collect$$rtentry$$0000000A          0x00000188   Section        4  __rtentry2.o(.ARM.Collect$$rtentry$$0000000A)
    .ARM.Collect$$rtentry$$0000000C          0x0000018c   Section        0  __rtentry2.o(.ARM.Collect$$rtentry$$0000000C)
    .ARM.Collect$$rtentry$$0000000D          0x0000018c   Section        8  __rtentry2.o(.ARM.Collect$$rtentry$$0000000D)
    .ARM.Collect$$rtexit$$00000000           0x00000194   Section        2  rtexit.o(.ARM.Collect$$rtexit$$00000000)
    .ARM.Collect$$rtexit$$00000002           0x00000196   Section        0  rtexit2.o(.ARM.Collect$$rtexit$$00000002)
    .ARM.Collect$$rtexit$$00000003           0x00000196   Section        4  rtexit2.o(.ARM.Collect$$rtexit$$00000003)
    .ARM.Collect$$rtexit$$00000004           0x0000019a   Section        6  rtexit2.o(.ARM.Collect$$rtexit$$00000004)
    .emb_text                                0x000001a0   Section       52  rand.o(.emb_text)
    .text                                    0x000001d4   Section       52  startup_lpc17xx.o(.text)
    [Anonymous Symbol]                       0x00000208   Section        0  lib_timer.o(.text)
    [Anonymous Symbol]                       0x0000028c   Section        0  asciilib.o(.text)
    [Anonymous Symbol]                       0x000002b8   Section        0  lib_joystick.o(.text)
    [Anonymous Symbol]                       0x000002dc   Section        0  irq_adc.o(.text)
    .text                                    0x000002de   Section        0  heapauxi.o(.text)
    .text                                    0x000002e4   Section        0  _sputc.o(.text)
    .text                                    0x000002f0   Section        8  libspace.o(.text)
    .text                                    0x000002f8   Section        2  use_no_semi.o(.text)
    .text                                    0x000002fa   Section        0  indicate_semi.o(.text)
    .ARM.__at_0x02FC                         0x000002fc   Section        4  startup_lpc17xx.o(.ARM.__at_0x02FC)
    [Anonymous Symbol]                       0x00000300   Section        0  sample.o(.text)
    [Anonymous Symbol]                       0x0000040c   Section        0  tetris_game.o(.text)
    [Anonymous Symbol]                       0x00000f80   Section        0  system_lpc17xx.o(.text)
    [Anonymous Symbol]                       0x000010b0   Section        0  irq_timer.o(.text)
    [Anonymous Symbol]                       0x000011c0   Section        0  glcd.o(.text)
    LCD_Configuration                        0x000040cd   Thumb Code    32  glcd.o(.text)
    delay_ms                                 0x000040ed   Thumb Code    82  glcd.o(.text)
    LCD_SetCursor                            0x0000492d   Thumb Code  1932  glcd.o(.text)
    LCD_BGR2RGB                              0x000055e5   Thumb Code    72  glcd.o(.text)
    wait_delay                               0x00005afd   Thumb Code    22  glcd.o(.text)
    [Anonymous Symbol]                       0x00005b14   Section        0  irq_rit.o(.text)
    [Anonymous Symbol]                       0x00006044   Section        0  lib_rit.o(.text)
    [Anonymous Symbol]                       0x000060c4   Section        0  irq_button.o(.text)
    [Anonymous Symbol]                       0x00006144   Section        0  lib_button.o(.text)
    [Anonymous Symbol]                       0x000061bc   Section        0  lib_adc.o(.text)
    [Anonymous Symbol]                       0x00006220   Section        0  music.o(.text)
    [Anonymous Symbol]                       0x000062fc   Section        0  dac.o(.text)
    .text                                    0x00006328   Section        0  noretval__2sprintf.o(.text)
    .text                                    0x00006350   Section        0  __printf.o(.text)
    .text                                    0x000063b8   Section        0  _printf_dec.o(.text)
    .text                                    0x00006430   Section        0  rand.o(.text)
    .text                                    0x0000646c   Section        0  _printf_intcommon.o(.text)
    _printf_input_char                       0x00006521   Thumb Code    10  _printf_char_common.o(.text)
    .text                                    0x00006520   Section        0  _printf_char_common.o(.text)
    .text                                    0x00006550   Section       74  sys_stackheap_outer.o(.text)
    .text                                    0x0000659a   Section        0  exit.o(.text)
    .text                                    0x000065ac   Section        0  sys_exit.o(.text)
    .Lswitch.table.drawTetromino             0x000065b8   Data          14  tetris_game.o(.rodata..Lswitch.table.drawTetromino)
    .Lswitch.table.drawWholeBoard            0x000065c6   Data           6  tetris_game.o(.rodata..Lswitch.table.drawWholeBoard)
    AsciiLib                                 0x000065cc   Data        1520  asciilib.o(.rodata.AsciiLib)
    [Anonymous Symbol]                       0x000065cc   Section        0  asciilib.o(.rodata.AsciiLib)
    .L.str                                   0x00006d7c   Data           3  tetris_game.o(.rodata.str1.1)
    [Anonymous Symbol]                       0x00006d7c   Section        0  tetris_game.o(.rodata.str1.1)
    .bss                                     0x10000000   Section       96  libspace.o(.bss)
    Stack_Mem                                0x10000060   Data        1024  startup_lpc17xx.o(STACK)
    STACK                                    0x10000060   Section     1024  startup_lpc17xx.o(STACK)
    __initial_sp                             0x10000460   Data           0  startup_lpc17xx.o(STACK)
    .bss                                     0x2007c008   Section      228  rand.o(.bss)
    LCD_Code                                 0x2007c0ee   Data           1  glcd.o(.bss.LCD_Code)
    [Anonymous Symbol]                       0x2007c0ee   Section        0  glcd.o(.bss.LCD_Code)
    RIT_IRQHandler.J_left                    0x2007c0f0   Data           4  irq_rit.o(.bss.RIT_IRQHandler.J_left)
    [Anonymous Symbol]                       0x2007c0f0   Section        0  irq_rit.o(.bss.RIT_IRQHandler.J_left)
    RIT_IRQHandler.J_right                   0x2007c0f4   Data           4  irq_rit.o(.bss.RIT_IRQHandler.J_right)
    [Anonymous Symbol]                       0x2007c0f4   Section        0  irq_rit.o(.bss.RIT_IRQHandler.J_right)
    RIT_IRQHandler.J_select                  0x2007c0f8   Data           4  irq_rit.o(.bss.RIT_IRQHandler.J_select)
    [Anonymous Symbol]                       0x2007c0f8   Section        0  irq_rit.o(.bss.RIT_IRQHandler.J_select)
    RIT_IRQHandler.downKey1                  0x2007c0fc   Data           4  irq_rit.o(.bss.RIT_IRQHandler.downKey1)
    [Anonymous Symbol]                       0x2007c0fc   Section        0  irq_rit.o(.bss.RIT_IRQHandler.downKey1)
    RIT_IRQHandler.downKey2                  0x2007c100   Data           4  irq_rit.o(.bss.RIT_IRQHandler.downKey2)
    [Anonymous Symbol]                       0x2007c100   Section        0  irq_rit.o(.bss.RIT_IRQHandler.downKey2)
    wave_state                               0x2007c44c   Data           1  irq_timer.o(.bss.wave_state)
    [Anonymous Symbol]                       0x2007c44c   Section        0  irq_timer.o(.bss.wave_state)
    Heap_Mem                                 0x2007c450   Data           0  startup_lpc17xx.o(HEAP)
    HEAP                                     0x2007c450   Section        0  startup_lpc17xx.o(HEAP)

    Global Symbols

    Symbol Name                              Value     Ov Type        Size  Object(Section)

    BuildAttributes$$THM_ISAv4$P$D$K$B$S$PE$A:L22UL41UL21$X:L11$S22US41US21$IEEE1$IW$~IW$USESV6$~STKCKD$USESV7$~SHL$OTIME$ROPI$EBA8$UX$STANDARDLIB$REQ8$PRES8$EABIv2 0x00000000   Number         0  anon$$obj.o ABSOLUTE
    __Vectors                                0x00000000   Data           4  startup_lpc17xx.o(RESET)
    __fp_init_empty                          0x00000000   Number         0  fpinit_empty.o ABSOLUTE
    __ARM_exceptions_init                     - Undefined Weak Reference
    __alloca_initialize                       - Undefined Weak Reference
    __arm_preinit_                            - Undefined Weak Reference
    __arm_relocate_pie_                       - Undefined Weak Reference
    __cpp_initialize__aeabi_                  - Undefined Weak Reference
    __cxa_finalize                            - Undefined Weak Reference
    __rt_locale                               - Undefined Weak Reference
    __sigvec_lookup                           - Undefined Weak Reference
    _atexit_init                              - Undefined Weak Reference
    _call_atexit_fns                          - Undefined Weak Reference
    _clock_init                               - Undefined Weak Reference
    _fp_trap_init                             - Undefined Weak Reference
    _fp_trap_shutdown                         - Undefined Weak Reference
    _get_lc_collate                           - Undefined Weak Reference
    _get_lc_ctype                             - Undefined Weak Reference
    _get_lc_monetary                          - Undefined Weak Reference
    _get_lc_numeric                           - Undefined Weak Reference
    _get_lc_time                              - Undefined Weak Reference
    _getenv_init                              - Undefined Weak Reference
    _handle_redirection                       - Undefined Weak Reference
    _init_alloc                               - Undefined Weak Reference
    _init_user_alloc                          - Undefined Weak Reference
    _initio                                   - Undefined Weak Reference
    _printf_post_padding                      - Undefined Weak Reference
    _printf_pre_padding                       - Undefined Weak Reference
    _printf_truncate_signed                   - Undefined Weak Reference
    _printf_truncate_unsigned                 - Undefined Weak Reference
    _signal_finish                            - Undefined Weak Reference
    _signal_init                              - Undefined Weak Reference
    _terminate_alloc                          - Undefined Weak Reference
    _terminate_user_alloc                     - Undefined Weak Reference
    _terminateio                              - Undefined Weak Reference
    __main                                   0x000000cd   Thumb Code     8  __main.o(!!!main)
    __scatterload                            0x000000d5   Thumb Code     0  __scatter.o(!!!scatter)
    __scatterload_rt2                        0x000000d5   Thumb Code    84  __scatter.o(!!!scatter)
    __scatterload_rt2_thumb_only             0x000000d5   Thumb Code     0  __scatter.o(!!!scatter)
    __scatterload_loop                       0x000000df   Thumb Code     0  __scatter.o(!!!scatter)
    __scatterload_copy                       0x00000131   Thumb Code    26  __scatter_copy.o(!!handler_copy)
    __scatterload_null                       0x0000014d   Thumb Code     2  __scatter.o(!!handler_null)
    __scatterload_zeroinit                   0x00000151   Thumb Code    28  __scatter_zi.o(!!handler_zi)
    _printf_d                                0x0000016d   Thumb Code     0  _printf_d.o(.ARM.Collect$$_printf_percent$$00000009)
    _printf_percent                          0x0000016d   Thumb Code     0  _printf_percent.o(.ARM.Collect$$_printf_percent$$00000000)
    _printf_percent_end                      0x00000173   Thumb Code     0  _printf_percent_end.o(.ARM.Collect$$_printf_percent$$00000017)
    __rt_lib_init                            0x00000177   Thumb Code     0  libinit.o(.ARM.Collect$$libinit$$00000000)
    __rt_lib_init_fp_1                       0x00000179   Thumb Code     0  libinit2.o(.ARM.Collect$$libinit$$00000002)
    __rt_lib_init_heap_1                     0x00000179   Thumb Code     0  libinit2.o(.ARM.Collect$$libinit$$0000000C)
    __rt_lib_init_preinit_1                  0x00000179   Thumb Code     0  libinit2.o(.ARM.Collect$$libinit$$00000006)
    __rt_lib_init_rand_2                     0x00000179   Thumb Code     0  libinit2.o(.ARM.Collect$$libinit$$0000000F)
    __rt_lib_init_relocate_pie_1             0x00000179   Thumb Code     0  libinit2.o(.ARM.Collect$$libinit$$00000004)
    __rt_lib_init_user_alloc_1               0x00000179   Thumb Code     0  libinit2.o(.ARM.Collect$$libinit$$0000000E)
    __rt_lib_init_alloca_1                   0x0000017d   Thumb Code     0  libinit2.o(.ARM.Collect$$libinit$$00000030)
    __rt_lib_init_argv_1                     0x0000017d   Thumb Code     0  libinit2.o(.ARM.Collect$$libinit$$0000002E)
    __rt_lib_init_atexit_1                   0x0000017d   Thumb Code     0  libinit2.o(.ARM.Collect$$libinit$$0000001D)
    __rt_lib_init_clock_1                    0x0000017d   Thumb Code     0  libinit2.o(.ARM.Collect$$libinit$$00000023)
    __rt_lib_init_cpp_1                      0x0000017d   Thumb Code     0  libinit2.o(.ARM.Collect$$libinit$$00000034)
    __rt_lib_init_exceptions_1               0x0000017d   Thumb Code     0  libinit2.o(.ARM.Collect$$libinit$$00000032)
    __rt_lib_init_fp_trap_1                  0x0000017d   Thumb Code     0  libinit2.o(.ARM.Collect$$libinit$$00000021)
    __rt_lib_init_getenv_1                   0x0000017d   Thumb Code     0  libinit2.o(.ARM.Collect$$libinit$$00000025)
    __rt_lib_init_lc_collate_1               0x0000017d   Thumb Code     0  libinit2.o(.ARM.Collect$$libinit$$00000013)
    __rt_lib_init_lc_ctype_1                 0x0000017d   Thumb Code     0  libinit2.o(.ARM.Collect$$libinit$$00000015)
    __rt_lib_init_lc_monetary_1              0x0000017d   Thumb Code     0  libinit2.o(.ARM.Collect$$libinit$$00000017)
    __rt_lib_init_lc_numeric_1               0x0000017d   Thumb Code     0  libinit2.o(.ARM.Collect$$libinit$$00000019)
    __rt_lib_init_lc_time_1                  0x0000017d   Thumb Code     0  libinit2.o(.ARM.Collect$$libinit$$0000001B)
    __rt_lib_init_rand_1                     0x0000017d   Thumb Code     0  libinit2.o(.ARM.Collect$$libinit$$00000010)
    __rt_lib_init_return                     0x0000017d   Thumb Code     0  libinit2.o(.ARM.Collect$$libinit$$00000035)
    __rt_lib_init_signal_1                   0x0000017d   Thumb Code     0  libinit2.o(.ARM.Collect$$libinit$$0000001F)
    __rt_lib_init_stdio_1                    0x0000017d   Thumb Code     0  libinit2.o(.ARM.Collect$$libinit$$00000027)
    __rt_lib_shutdown                        0x0000017f   Thumb Code     0  libshutdown.o(.ARM.Collect$$libshutdown$$00000000)
    __rt_lib_shutdown_cpp_1                  0x00000181   Thumb Code     0  libshutdown2.o(.ARM.Collect$$libshutdown$$00000002)
    __rt_lib_shutdown_fp_trap_1              0x00000181   Thumb Code     0  libshutdown2.o(.ARM.Collect$$libshutdown$$00000007)
    __rt_lib_shutdown_heap_1                 0x00000181   Thumb Code     0  libshutdown2.o(.ARM.Collect$$libshutdown$$0000000F)
    __rt_lib_shutdown_return                 0x00000181   Thumb Code     0  libshutdown2.o(.ARM.Collect$$libshutdown$$00000010)
    __rt_lib_shutdown_signal_1               0x00000181   Thumb Code     0  libshutdown2.o(.ARM.Collect$$libshutdown$$0000000A)
    __rt_lib_shutdown_stdio_1                0x00000181   Thumb Code     0  libshutdown2.o(.ARM.Collect$$libshutdown$$00000004)
    __rt_lib_shutdown_user_alloc_1           0x00000181   Thumb Code     0  libshutdown2.o(.ARM.Collect$$libshutdown$$0000000C)
    __rt_entry                               0x00000183   Thumb Code     0  __rtentry.o(.ARM.Collect$$rtentry$$00000000)
    __rt_entry_presh_1                       0x00000183   Thumb Code     0  __rtentry2.o(.ARM.Collect$$rtentry$$00000002)
    __rt_entry_sh                            0x00000183   Thumb Code     0  __rtentry4.o(.ARM.Collect$$rtentry$$00000004)
    __rt_entry_li                            0x00000189   Thumb Code     0  __rtentry2.o(.ARM.Collect$$rtentry$$0000000A)
    __rt_entry_postsh_1                      0x00000189   Thumb Code     0  __rtentry2.o(.ARM.Collect$$rtentry$$00000009)
    __rt_entry_main                          0x0000018d   Thumb Code     0  __rtentry2.o(.ARM.Collect$$rtentry$$0000000D)
    __rt_entry_postli_1                      0x0000018d   Thumb Code     0  __rtentry2.o(.ARM.Collect$$rtentry$$0000000C)
    __rt_exit                                0x00000195   Thumb Code     0  rtexit.o(.ARM.Collect$$rtexit$$00000000)
    __rt_exit_ls                             0x00000197   Thumb Code     0  rtexit2.o(.ARM.Collect$$rtexit$$00000003)
    __rt_exit_prels_1                        0x00000197   Thumb Code     0  rtexit2.o(.ARM.Collect$$rtexit$$00000002)
    __rt_exit_exit                           0x0000019b   Thumb Code     0  rtexit2.o(.ARM.Collect$$rtexit$$00000004)
    rand                                     0x000001a1   Thumb Code    48  rand.o(.emb_text)
    Reset_Handler                            0x000001d5   Thumb Code     4  startup_lpc17xx.o(.text)
    NMI_Handler                              0x000001d9   Thumb Code     2  startup_lpc17xx.o(.text)
    HardFault_Handler                        0x000001db   Thumb Code     2  startup_lpc17xx.o(.text)
    MemManage_Handler                        0x000001dd   Thumb Code     2  startup_lpc17xx.o(.text)
    BusFault_Handler                         0x000001df   Thumb Code     2  startup_lpc17xx.o(.text)
    UsageFault_Handler                       0x000001e1   Thumb Code     2  startup_lpc17xx.o(.text)
    SVC_Handler                              0x000001e3   Thumb Code     2  startup_lpc17xx.o(.text)
    DebugMon_Handler                         0x000001e5   Thumb Code     2  startup_lpc17xx.o(.text)
    PendSV_Handler                           0x000001e7   Thumb Code     2  startup_lpc17xx.o(.text)
    SysTick_Handler                          0x000001e9   Thumb Code     2  startup_lpc17xx.o(.text)
    BOD_IRQHandler                           0x000001eb   Thumb Code     0  startup_lpc17xx.o(.text)
    CANActivity_IRQHandler                   0x000001eb   Thumb Code     0  startup_lpc17xx.o(.text)
    CAN_IRQHandler                           0x000001eb   Thumb Code     0  startup_lpc17xx.o(.text)
    DMA_IRQHandler                           0x000001eb   Thumb Code     0  startup_lpc17xx.o(.text)
    EINT0_IRQHandler                         0x000001eb   Thumb Code     0  startup_lpc17xx.o(.text)
    EINT3_IRQHandler                         0x000001eb   Thumb Code     0  startup_lpc17xx.o(.text)
    ENET_IRQHandler                          0x000001eb   Thumb Code     0  startup_lpc17xx.o(.text)
    I2C0_IRQHandler                          0x000001eb   Thumb Code     0  startup_lpc17xx.o(.text)
    I2C1_IRQHandler                          0x000001eb   Thumb Code     0  startup_lpc17xx.o(.text)
    I2C2_IRQHandler                          0x000001eb   Thumb Code     0  startup_lpc17xx.o(.text)
    I2S_IRQHandler                           0x000001eb   Thumb Code     0  startup_lpc17xx.o(.text)
    MCPWM_IRQHandler                         0x000001eb   Thumb Code     0  startup_lpc17xx.o(.text)
    PLL0_IRQHandler                          0x000001eb   Thumb Code     0  startup_lpc17xx.o(.text)
    PLL1_IRQHandler                          0x000001eb   Thumb Code     0  startup_lpc17xx.o(.text)
    PWM1_IRQHandler                          0x000001eb   Thumb Code     0  startup_lpc17xx.o(.text)
    QEI_IRQHandler                           0x000001eb   Thumb Code     0  startup_lpc17xx.o(.text)
    RTC_IRQHandler                           0x000001eb   Thumb Code     0  startup_lpc17xx.o(.text)
    SPI_IRQHandler                           0x000001eb   Thumb Code     0  startup_lpc17xx.o(.text)
    SSP0_IRQHandler                          0x000001eb   Thumb Code     0  startup_lpc17xx.o(.text)
    SSP1_IRQHandler                          0x000001eb   Thumb Code     0  startup_lpc17xx.o(.text)
    UART0_IRQHandler                         0x000001eb   Thumb Code     0  startup_lpc17xx.o(.text)
    UART1_IRQHandler                         0x000001eb   Thumb Code     0  startup_lpc17xx.o(.text)
    UART2_IRQHandler                         0x000001eb   Thumb Code     0  startup_lpc17xx.o(.text)
    UART3_IRQHandler                         0x000001eb   Thumb Code     0  startup_lpc17xx.o(.text)
    USBActivity_IRQHandler                   0x000001eb   Thumb Code     0  startup_lpc17xx.o(.text)
    USB_IRQHandler                           0x000001eb   Thumb Code     0  startup_lpc17xx.o(.text)
    WDT_IRQHandler                           0x000001eb   Thumb Code     0  startup_lpc17xx.o(.text)
    __user_initial_stackheap                 0x000001ed   Thumb Code     0  startup_lpc17xx.o(.text)
    enable_timer                             0x00000209   Thumb Code    20  lib_timer.o(.text)
    disable_timer                            0x0000021d   Thumb Code    20  lib_timer.o(.text)
    reset_timer                              0x00000231   Thumb Code    24  lib_timer.o(.text)
    init_timer                               0x00000249   Thumb Code    68  lib_timer.o(.text)
    GetASCIICode                             0x0000028d   Thumb Code    42  asciilib.o(.text)
    joystick_init                            0x000002b9   Thumb Code    34  lib_joystick.o(.text)
    ADC_IRQHandler                           0x000002dd   Thumb Code     2  irq_adc.o(.text)
    __use_two_region_memory                  0x000002df   Thumb Code     2  heapauxi.o(.text)
    __rt_heap_escrow$2region                 0x000002e1   Thumb Code     2  heapauxi.o(.text)
    __rt_heap_expand$2region                 0x000002e3   Thumb Code     2  heapauxi.o(.text)
    _sputc                                   0x000002e5   Thumb Code    10  _sputc.o(.text)
    __user_libspace                          0x000002f1   Thumb Code     8  libspace.o(.text)
    __user_perproc_libspace                  0x000002f1   Thumb Code     0  libspace.o(.text)
    __user_perthread_libspace                0x000002f1   Thumb Code     0  libspace.o(.text)
    __I$use$semihosting                      0x000002f9   Thumb Code     0  use_no_semi.o(.text)
    __use_no_semihosting_swi                 0x000002f9   Thumb Code     2  use_no_semi.o(.text)
    __semihosting_library_function           0x000002fb   Thumb Code     0  indicate_semi.o(.text)
    main                                     0x00000301   Thumb Code   248  sample.o(.text)
    updateStats                              0x0000040d   Thumb Code   124  tetris_game.o(.text)
    gameInit                                 0x00000489   Thumb Code   198  tetris_game.o(.text)
    spawnNewPiece                            0x00000551   Thumb Code    78  tetris_game.o(.text)
    CheckColl                                0x000005a1   Thumb Code   132  tetris_game.o(.text)
    removeLines                              0x00000625   Thumb Code   594  tetris_game.o(.text)
    Spawn_Powerup                            0x00000879   Thumb Code   260  tetris_game.o(.text)
    Apply_Malus                              0x0000097d   Thumb Code   306  tetris_game.o(.text)
    Activate_Powerup                         0x00000ab1   Thumb Code   218  tetris_game.o(.text)
    lockPiece                                0x00000b8d   Thumb Code   596  tetris_game.o(.text)
    drawSingle                               0x00000ded   Thumb Code    70  tetris_game.o(.text)
    drawTetromino                            0x00000e35   Thumb Code   182  tetris_game.o(.text)
    drawWholeBoard                           0x00000eed   Thumb Code   146  tetris_game.o(.text)
    SystemInit                               0x00000f81   Thumb Code   288  system_lpc17xx.o(.text)
    TIMER0_IRQHandler                        0x000010b1   Thumb Code   190  irq_timer.o(.text)
    TIMER1_IRQHandler                        0x00001171   Thumb Code    50  irq_timer.o(.text)
    TIMER2_IRQHandler                        0x000011a5   Thumb Code    12  irq_timer.o(.text)
    TIMER3_IRQHandler                        0x000011b1   Thumb Code    14  irq_timer.o(.text)
    LCD_Initialization                       0x000011c1   Thumb Code 12042  glcd.o(.text)
    LCD_Clear                                0x00004141   Thumb Code  2028  glcd.o(.text)
    LCD_GetPoint                             0x000050b9   Thumb Code  1324  glcd.o(.text)
    LCD_SetPoint                             0x0000562d   Thumb Code   320  glcd.o(.text)
    LCD_DrawLine                             0x0000576d   Thumb Code   546  glcd.o(.text)
    PutChar                                  0x00005991   Thumb Code   210  glcd.o(.text)
    GUI_Text                                 0x00005a65   Thumb Code   152  glcd.o(.text)
    RIT_IRQHandler                           0x00005b15   Thumb Code  1292  irq_rit.o(.text)
    enable_RIT                               0x00006045   Thumb Code    16  lib_rit.o(.text)
    disable_RIT                              0x00006055   Thumb Code    16  lib_rit.o(.text)
    reset_RIT                                0x00006065   Thumb Code    12  lib_rit.o(.text)
    init_RIT                                 0x00006071   Thumb Code    82  lib_rit.o(.text)
    EINT1_IRQHandler                         0x000060c5   Thumb Code    62  irq_button.o(.text)
    EINT2_IRQHandler                         0x00006105   Thumb Code    62  irq_button.o(.text)
    BUTTON_init                              0x00006145   Thumb Code   118  lib_button.o(.text)
    ADC_init                                 0x000061bd   Thumb Code    78  lib_adc.o(.text)
    ADC_start_conversion                     0x0000620d   Thumb Code    18  lib_adc.o(.text)
    Music_Init                               0x00006221   Thumb Code    48  music.o(.text)
    Play_Note                                0x00006251   Thumb Code    70  music.o(.text)
    Stop_Sound                               0x00006299   Thumb Code    24  music.o(.text)
    Play_Sound_Effect                        0x000062b1   Thumb Code    52  music.o(.text)
    DAC_init                                 0x000062fd   Thumb Code    42  dac.o(.text)
    __2sprintf                               0x00006329   Thumb Code    34  noretval__2sprintf.o(.text)
    __printf                                 0x00006351   Thumb Code   104  __printf.o(.text)
    _printf_int_dec                          0x000063b9   Thumb Code   104  _printf_dec.o(.text)
    srand                                    0x00006431   Thumb Code    42  rand.o(.text)
    _rand_init                               0x0000645b   Thumb Code     4  rand.o(.text)
    _printf_int_common                       0x0000646d   Thumb Code   178  _printf_intcommon.o(.text)
    _printf_char_common                      0x0000652b   Thumb Code    32  _printf_char_common.o(.text)
    __user_setup_stackheap                   0x00006551   Thumb Code    74  sys_stackheap_outer.o(.text)
    exit                                     0x0000659b   Thumb Code    18  exit.o(.text)
    _sys_exit                                0x000065ad   Thumb Code     8  sys_exit.o(.text)
    TETROMINOES                              0x00006bbc   Data         448  tetris_game.o(.rodata.TETROMINOES)
    Region$$Table$$Base                      0x00006d80   Number         0  anon$$obj.o(Region$$Table)
    Region$$Table$$Limit                     0x00006db0   Number         0  anon$$obj.o(Region$$Table)
    __libspace_start                         0x10000000   Data          96  libspace.o(.bss)
    __temporary_stack_top$libspace           0x10000060   Data           0  libspace.o(.bss)
    SystemFrequency                          0x2007c000   Data           4  system_lpc17xx.o(.data.SystemFrequency)
    curr_x                                   0x2007c004   Data           4  tetris_game.o(.data.curr_x)
    _random_number_data                      0x2007c008   Data         228  rand.o(.bss)
    AD_current                               0x2007c0ec   Data           2  irq_adc.o(.bss.AD_current)
    board                                    0x2007c104   Data         800  tetris_game.o(.bss.board)
    currPieceType                            0x2007c424   Data           4  tetris_game.o(.bss.currPieceType)
    currRot                                  0x2007c428   Data           4  tetris_game.o(.bss.currRot)
    curr_y                                   0x2007c42c   Data           4  tetris_game.o(.bss.curr_y)
    gameState                                0x2007c430   Data           4  tetris_game.o(.bss.gameState)
    highscore                                0x2007c434   Data           4  tetris_game.o(.bss.highscore)
    linescleared                             0x2007c438   Data           4  tetris_game.o(.bss.linescleared)
    score                                    0x2007c43c   Data           4  tetris_game.o(.bss.score)
    slow_mode_counter                        0x2007c440   Data           4  tetris_game.o(.bss.slow_mode_counter)
    sound_duration                           0x2007c444   Data           4  music.o(.bss.sound_duration)
    total_lines_cleared                      0x2007c448   Data           4  tetris_game.o(.bss.total_lines_cleared)



==============================================================================

Memory Map of the image

  Image Entry point : 0x000000cd

  Load Region LR_IROM1 (Base: 0x00000000, Size: 0x00006db8, Max: 0x00080000, ABSOLUTE)

    Execution Region ER_IROM1 (Exec base: 0x00000000, Load base: 0x00000000, Size: 0x00006db0, Max: 0x00080000, ABSOLUTE)

    Exec Addr    Load Addr    Size         Type   Attr      Idx    E Section Name        Object

    0x00000000   0x00000000   0x000000cc   Data   RO            3    RESET               startup_lpc17xx.o
    0x000000cc   0x000000cc   0x00000008   Code   RO          226  * !!!main             c_w.l(__main.o)
    0x000000d4   0x000000d4   0x0000005c   Code   RO          439    !!!scatter          c_w.l(__scatter.o)
    0x00000130   0x00000130   0x0000001a   Code   RO          443    !!handler_copy      c_w.l(__scatter_copy.o)
    0x0000014a   0x0000014a   0x00000002   PAD
    0x0000014c   0x0000014c   0x00000002   Code   RO          440    !!handler_null      c_w.l(__scatter.o)
    0x0000014e   0x0000014e   0x00000002   PAD
    0x00000150   0x00000150   0x0000001c   Code   RO          445    !!handler_zi        c_w.l(__scatter_zi.o)
    0x0000016c   0x0000016c   0x00000000   Code   RO          214    .ARM.Collect$$_printf_percent$$00000000  c_w.l(_printf_percent.o)
    0x0000016c   0x0000016c   0x00000006   Code   RO          213    .ARM.Collect$$_printf_percent$$00000009  c_w.l(_printf_d.o)
    0x00000172   0x00000172   0x00000004   Code   RO          259    .ARM.Collect$$_printf_percent$$00000017  c_w.l(_printf_percent_end.o)
    0x00000176   0x00000176   0x00000002   Code   RO          356    .ARM.Collect$$libinit$$00000000  c_w.l(libinit.o)
    0x00000178   0x00000178   0x00000000   Code   RO          263    .ARM.Collect$$libinit$$00000002  c_w.l(libinit2.o)
    0x00000178   0x00000178   0x00000000   Code   RO          265    .ARM.Collect$$libinit$$00000004  c_w.l(libinit2.o)
    0x00000178   0x00000178   0x00000000   Code   RO          267    .ARM.Collect$$libinit$$00000006  c_w.l(libinit2.o)
    0x00000178   0x00000178   0x00000000   Code   RO          270    .ARM.Collect$$libinit$$0000000C  c_w.l(libinit2.o)
    0x00000178   0x00000178   0x00000000   Code   RO          272    .ARM.Collect$$libinit$$0000000E  c_w.l(libinit2.o)
    0x00000178   0x00000178   0x00000004   Code   RO          273    .ARM.Collect$$libinit$$0000000F  c_w.l(libinit2.o)
    0x0000017c   0x0000017c   0x00000000   Code   RO          274    .ARM.Collect$$libinit$$00000010  c_w.l(libinit2.o)
    0x0000017c   0x0000017c   0x00000000   Code   RO          277    .ARM.Collect$$libinit$$00000013  c_w.l(libinit2.o)
    0x0000017c   0x0000017c   0x00000000   Code   RO          279    .ARM.Collect$$libinit$$00000015  c_w.l(libinit2.o)
    0x0000017c   0x0000017c   0x00000000   Code   RO          281    .ARM.Collect$$libinit$$00000017  c_w.l(libinit2.o)
    0x0000017c   0x0000017c   0x00000000   Code   RO          283    .ARM.Collect$$libinit$$00000019  c_w.l(libinit2.o)
    0x0000017c   0x0000017c   0x00000000   Code   RO          285    .ARM.Collect$$libinit$$0000001B  c_w.l(libinit2.o)
    0x0000017c   0x0000017c   0x00000000   Code   RO          287    .ARM.Collect$$libinit$$0000001D  c_w.l(libinit2.o)
    0x0000017c   0x0000017c   0x00000000   Code   RO          289    .ARM.Collect$$libinit$$0000001F  c_w.l(libinit2.o)
    0x0000017c   0x0000017c   0x00000000   Code   RO          291    .ARM.Collect$$libinit$$00000021  c_w.l(libinit2.o)
    0x0000017c   0x0000017c   0x00000000   Code   RO          293    .ARM.Collect$$libinit$$00000023  c_w.l(libinit2.o)
    0x0000017c   0x0000017c   0x00000000   Code   RO          295    .ARM.Collect$$libinit$$00000025  c_w.l(libinit2.o)
    0x0000017c   0x0000017c   0x00000000   Code   RO          297    .ARM.Collect$$libinit$$00000027  c_w.l(libinit2.o)
    0x0000017c   0x0000017c   0x00000000   Code   RO          301    .ARM.Collect$$libinit$$0000002E  c_w.l(libinit2.o)
    0x0000017c   0x0000017c   0x00000000   Code   RO          303    .ARM.Collect$$libinit$$00000030  c_w.l(libinit2.o)
    0x0000017c   0x0000017c   0x00000000   Code   RO          305    .ARM.Collect$$libinit$$00000032  c_w.l(libinit2.o)
    0x0000017c   0x0000017c   0x00000000   Code   RO          307    .ARM.Collect$$libinit$$00000034  c_w.l(libinit2.o)
    0x0000017c   0x0000017c   0x00000002   Code   RO          308    .ARM.Collect$$libinit$$00000035  c_w.l(libinit2.o)
    0x0000017e   0x0000017e   0x00000002   Code   RO          398    .ARM.Collect$$libshutdown$$00000000  c_w.l(libshutdown.o)
    0x00000180   0x00000180   0x00000000   Code   RO          406    .ARM.Collect$$libshutdown$$00000002  c_w.l(libshutdown2.o)
    0x00000180   0x00000180   0x00000000   Code   RO          408    .ARM.Collect$$libshutdown$$00000004  c_w.l(libshutdown2.o)
    0x00000180   0x00000180   0x00000000   Code   RO          411    .ARM.Collect$$libshutdown$$00000007  c_w.l(libshutdown2.o)
    0x00000180   0x00000180   0x00000000   Code   RO          414    .ARM.Collect$$libshutdown$$0000000A  c_w.l(libshutdown2.o)
    0x00000180   0x00000180   0x00000000   Code   RO          416    .ARM.Collect$$libshutdown$$0000000C  c_w.l(libshutdown2.o)
    0x00000180   0x00000180   0x00000000   Code   RO          419    .ARM.Collect$$libshutdown$$0000000F  c_w.l(libshutdown2.o)
    0x00000180   0x00000180   0x00000002   Code   RO          420    .ARM.Collect$$libshutdown$$00000010  c_w.l(libshutdown2.o)
    0x00000182   0x00000182   0x00000000   Code   RO          252    .ARM.Collect$$rtentry$$00000000  c_w.l(__rtentry.o)
    0x00000182   0x00000182   0x00000000   Code   RO          321    .ARM.Collect$$rtentry$$00000002  c_w.l(__rtentry2.o)
    0x00000182   0x00000182   0x00000006   Code   RO          333    .ARM.Collect$$rtentry$$00000004  c_w.l(__rtentry4.o)
    0x00000188   0x00000188   0x00000000   Code   RO          323    .ARM.Collect$$rtentry$$00000009  c_w.l(__rtentry2.o)
    0x00000188   0x00000188   0x00000004   Code   RO          324    .ARM.Collect$$rtentry$$0000000A  c_w.l(__rtentry2.o)
    0x0000018c   0x0000018c   0x00000000   Code   RO          326    .ARM.Collect$$rtentry$$0000000C  c_w.l(__rtentry2.o)
    0x0000018c   0x0000018c   0x00000008   Code   RO          327    .ARM.Collect$$rtentry$$0000000D  c_w.l(__rtentry2.o)
    0x00000194   0x00000194   0x00000002   Code   RO          364    .ARM.Collect$$rtexit$$00000000  c_w.l(rtexit.o)
    0x00000196   0x00000196   0x00000000   Code   RO          376    .ARM.Collect$$rtexit$$00000002  c_w.l(rtexit2.o)
    0x00000196   0x00000196   0x00000004   Code   RO          377    .ARM.Collect$$rtexit$$00000003  c_w.l(rtexit2.o)
    0x0000019a   0x0000019a   0x00000006   Code   RO          378    .ARM.Collect$$rtexit$$00000004  c_w.l(rtexit2.o)
    0x000001a0   0x000001a0   0x00000034   Code   RO          215    .emb_text           c_w.l(rand.o)
    0x000001d4   0x000001d4   0x00000034   Code   RO            5    .text               startup_lpc17xx.o
    0x00000208   0x00000208   0x00000084   Code   RO           62    .text               lib_timer.o
    0x0000028c   0x0000028c   0x0000002a   Code   RO           70    .text               asciilib.o
    0x000002b6   0x000002b6   0x00000002   PAD
    0x000002b8   0x000002b8   0x00000022   Code   RO          130    .text               lib_joystick.o
    0x000002da   0x000002da   0x00000002   PAD
    0x000002dc   0x000002dc   0x00000002   Code   RO          152    .text               irq_adc.o
    0x000002de   0x000002de   0x00000006   Code   RO          224    .text               c_w.l(heapauxi.o)
    0x000002e4   0x000002e4   0x0000000a   Code   RO          257    .text               c_w.l(_sputc.o)
    0x000002ee   0x000002ee   0x00000002   PAD
    0x000002f0   0x000002f0   0x00000008   Code   RO          361    .text               c_w.l(libspace.o)
    0x000002f8   0x000002f8   0x00000002   Code   RO          372    .text               c_w.l(use_no_semi.o)
    0x000002fa   0x000002fa   0x00000000   Code   RO          374    .text               c_w.l(indicate_semi.o)
    0x000002fa   0x000002fa   0x00000002   PAD
    0x000002fc   0x000002fc   0x00000004   Code   RO            4    .ARM.__at_0x02FC    startup_lpc17xx.o
    0x00000300   0x00000300   0x0000010c   Code   RO           13    .text               sample.o
    0x0000040c   0x0000040c   0x00000b72   Code   RO           21    .text               tetris_game.o
    0x00000f7e   0x00000f7e   0x00000002   PAD
    0x00000f80   0x00000f80   0x00000130   Code   RO           45    .text               system_lpc17xx.o
    0x000010b0   0x000010b0   0x0000010e   Code   RO           53    .text               irq_timer.o
    0x000011be   0x000011be   0x00000002   PAD
    0x000011c0   0x000011c0   0x00004952   Code   RO           79    .text               glcd.o
    0x00005b12   0x00005b12   0x00000002   PAD
    0x00005b14   0x00005b14   0x00000530   Code   RO          109    .text               irq_rit.o
    0x00006044   0x00006044   0x0000007e   Code   RO          122    .text               lib_rit.o
    0x000060c2   0x000060c2   0x00000002   PAD
    0x000060c4   0x000060c4   0x0000007e   Code   RO          138    .text               irq_button.o
    0x00006142   0x00006142   0x00000002   PAD
    0x00006144   0x00006144   0x00000076   Code   RO          145    .text               lib_button.o
    0x000061ba   0x000061ba   0x00000002   PAD
    0x000061bc   0x000061bc   0x00000062   Code   RO          160    .text               lib_adc.o
    0x0000621e   0x0000621e   0x00000002   PAD
    0x00006220   0x00006220   0x000000dc   Code   RO          167    .text               music.o
    0x000062fc   0x000062fc   0x0000002a   Code   RO          176    .text               dac.o
    0x00006326   0x00006326   0x00000002   PAD
    0x00006328   0x00006328   0x00000028   Code   RO          187    .text               c_w.l(noretval__2sprintf.o)
    0x00006350   0x00006350   0x00000068   Code   RO          189    .text               c_w.l(__printf.o)
    0x000063b8   0x000063b8   0x00000078   Code   RO          191    .text               c_w.l(_printf_dec.o)
    0x00006430   0x00006430   0x0000003c   Code   RO          216    .text               c_w.l(rand.o)
    0x0000646c   0x0000646c   0x000000b2   Code   RO          253    .text               c_w.l(_printf_intcommon.o)
    0x0000651e   0x0000651e   0x00000002   PAD
    0x00006520   0x00006520   0x00000030   Code   RO          255    .text               c_w.l(_printf_char_common.o)
    0x00006550   0x00006550   0x0000004a   Code   RO          343    .text               c_w.l(sys_stackheap_outer.o)
    0x0000659a   0x0000659a   0x00000012   Code   RO          345    .text               c_w.l(exit.o)
    0x000065ac   0x000065ac   0x0000000c   Code   RO          388    .text               c_w.l(sys_exit.o)
    0x000065b8   0x000065b8   0x0000000e   Data   RO           36    .rodata..Lswitch.table.drawTetromino  tetris_game.o
    0x000065c6   0x000065c6   0x00000006   Data   RO           37    .rodata..Lswitch.table.drawWholeBoard  tetris_game.o
    0x000065cc   0x000065cc   0x000005f0   Data   RO           72    .rodata.AsciiLib    asciilib.o
    0x00006bbc   0x00006bbc   0x000001c0   Data   RO           33    .rodata.TETROMINOES  tetris_game.o
    0x00006d7c   0x00006d7c   0x00000003   Data   RO           34    .rodata.str1.1      tetris_game.o
    0x00006d7f   0x00006d7f   0x00000001   PAD
    0x00006d80   0x00006d80   0x00000030   Data   RO          438    Region$$Table       anon$$obj.o


    Execution Region RW_IRAM1 (Exec base: 0x10000000, Load base: 0x00006db0, Size: 0x00000460, Max: 0x00008000, ABSOLUTE)

    Exec Addr    Load Addr    Size         Type   Attr      Idx    E Section Name        Object

    0x10000000        -       0x00000060   Zero   RW          362    .bss                c_w.l(libspace.o)
    0x10000060        -       0x00000400   Zero   RW            1    STACK               startup_lpc17xx.o


    Execution Region RW_IRAM2 (Exec base: 0x2007c000, Load base: 0x00006db0, Size: 0x00000450, Max: 0x00008000, ABSOLUTE)

    Exec Addr    Load Addr    Size         Type   Attr      Idx    E Section Name        Object

    0x2007c000   0x00006db0   0x00000004   Data   RW           47    .data.SystemFrequency  system_lpc17xx.o
    0x2007c004   0x00006db4   0x00000004   Data   RW           29    .data.curr_x        tetris_game.o
    0x2007c008        -       0x000000e4   Zero   RW          217    .bss                c_w.l(rand.o)
    0x2007c0ec        -       0x00000002   Zero   RW          154    .bss.AD_current     irq_adc.o
    0x2007c0ee        -       0x00000001   Zero   RW           81    .bss.LCD_Code       glcd.o
    0x2007c0ef   0x00006db8   0x00000001   PAD
    0x2007c0f0        -       0x00000004   Zero   RW          113    .bss.RIT_IRQHandler.J_left  irq_rit.o
    0x2007c0f4        -       0x00000004   Zero   RW          114    .bss.RIT_IRQHandler.J_right  irq_rit.o
    0x2007c0f8        -       0x00000004   Zero   RW          115    .bss.RIT_IRQHandler.J_select  irq_rit.o
    0x2007c0fc        -       0x00000004   Zero   RW          111    .bss.RIT_IRQHandler.downKey1  irq_rit.o
    0x2007c100        -       0x00000004   Zero   RW          112    .bss.RIT_IRQHandler.downKey2  irq_rit.o
    0x2007c104        -       0x00000320   Zero   RW           35    .bss.board          tetris_game.o
    0x2007c424        -       0x00000004   Zero   RW           27    .bss.currPieceType  tetris_game.o
    0x2007c428        -       0x00000004   Zero   RW           28    .bss.currRot        tetris_game.o
    0x2007c42c        -       0x00000004   Zero   RW           30    .bss.curr_y         tetris_game.o
    0x2007c430        -       0x00000004   Zero   RW           26    .bss.gameState      tetris_game.o
    0x2007c434        -       0x00000004   Zero   RW           24    .bss.highscore      tetris_game.o
    0x2007c438        -       0x00000004   Zero   RW           25    .bss.linescleared   tetris_game.o
    0x2007c43c        -       0x00000004   Zero   RW           23    .bss.score          tetris_game.o
    0x2007c440        -       0x00000004   Zero   RW           32    .bss.slow_mode_counter  tetris_game.o
    0x2007c444        -       0x00000004   Zero   RW          169    .bss.sound_duration  music.o
    0x2007c448        -       0x00000004   Zero   RW           31    .bss.total_lines_cleared  tetris_game.o
    0x2007c44c        -       0x00000001   Zero   RW           55    .bss.wave_state     irq_timer.o
    0x2007c44d   0x00006db8   0x00000003   PAD
    0x2007c450        -       0x00000000   Zero   RW            2    HEAP                startup_lpc17xx.o


==============================================================================

Image component sizes


      Code (inc. data)   RO Data    RW Data    ZI Data      Debug   Object Name

        42          0       1520          0          0        655   asciilib.o
        42          0          0          0          0       1325   dac.o
     18770          0          0          0          1      25021   glcd.o
         2          0          0          0          2        553   irq_adc.o
       126          0          0          0          0       3898   irq_button.o
      1328         36          0          0         20       6396   irq_rit.o
       270          0          0          0          1       1756   irq_timer.o
        98          0          0          0          0       4135   lib_adc.o
       118          0          0          0          0       4485   lib_button.o
        34          0          0          0          0       2490   lib_joystick.o
       126          0          0          0          0       4108   lib_rit.o
       132          0          0          0          0       4612   lib_timer.o
       220         24          0          0          4       4368   music.o
       268         20          0          0          0        756   sample.o
        56         22        204          0       1024        984   startup_lpc17xx.o
       304         20          0          4          0       1880   system_lpc17xx.o
      2930         12        471          4        836       8740   tetris_game.o

    ----------------------------------------------------------------------
     24886        134       2244          8       1892      76162   Object Totals
         0          0         48          0          0          0   (incl. Generated)
        20          0          1          0          4          0   (incl. Padding)

    ----------------------------------------------------------------------

      Code (inc. data)   RO Data    RW Data    ZI Data      Debug   Library Member Name

         8          0          0          0          0         68   __main.o
       104          0          0          0          0         84   __printf.o
         0          0          0          0          0          0   __rtentry.o
        12          0          0          0          0          0   __rtentry2.o
         6          0          0          0          0          0   __rtentry4.o
        94          8          0          0          0          0   __scatter.o
        26          0          0          0          0          0   __scatter_copy.o
        28          0          0          0          0          0   __scatter_zi.o
        48          6          0          0          0         96   _printf_char_common.o
         6          0          0          0          0          0   _printf_d.o
       120         16          0          0          0         92   _printf_dec.o
       178          0          0          0          0         88   _printf_intcommon.o
         0          0          0          0          0          0   _printf_percent.o
         4          0          0          0          0          0   _printf_percent_end.o
        10          0          0          0          0         68   _sputc.o
        18          0          0          0          0         80   exit.o
         6          0          0          0          0        152   heapauxi.o
         0          0          0          0          0          0   indicate_semi.o
         2          0          0          0          0          0   libinit.o
         6          0          0          0          0          0   libinit2.o
         2          0          0          0          0          0   libshutdown.o
         2          0          0          0          0          0   libshutdown2.o
         8          4          0          0         96         68   libspace.o
        40          6          0          0          0         84   noretval__2sprintf.o
       112         18          0          0        228        160   rand.o
         2          0          0          0          0          0   rtexit.o
        10          0          0          0          0          0   rtexit2.o
        12          4          0          0          0         68   sys_exit.o
        74          0          0          0          0         80   sys_stackheap_outer.o
         2          0          0          0          0         68   use_no_semi.o

    ----------------------------------------------------------------------
       950         62          0          0        324       1256   Library Totals
        10          0          0          0          0          0   (incl. Padding)

    ----------------------------------------------------------------------

      Code (inc. data)   RO Data    RW Data    ZI Data      Debug   Library Name

       940         62          0          0        324       1256   c_w.l

    ----------------------------------------------------------------------
       950         62          0          0        324       1256   Library Totals

    ----------------------------------------------------------------------

==============================================================================


      Code (inc. data)   RO Data    RW Data    ZI Data      Debug   

     25836        196       2244          8       2216      76662   Grand Totals
     25836        196       2244          8       2216      76662   ELF Image Totals
     25836        196       2244          8          0          0   ROM Totals

==============================================================================

    Total RO  Size (Code + RO Data)                28080 (  27.42kB)
    Total RW  Size (RW Data + ZI Data)              2224 (   2.17kB)
    Total ROM Size (Code + RO Data + RW Data)      28088 (  27.43kB)

==============================================================================

